../Src/Src_MCAL/EXTIx/MCAL_EXTI.c:14:6:MEXTI_vEnableInterruptLine	0	static
../Src/Src_MCAL/EXTIx/MCAL_EXTI.c:19:6:MEXTI_vDisableInterruptLine	0	static
../Src/Src_MCAL/EXTIx/MCAL_EXTI.c:24:6:MEXTI_vSelectEventTrigger	8	static
../Src/Src_MCAL/EXTIx/MCAL_EXTI.c:44:6:MEXTI_vSoftwareTrigger	0	static
../Src/Src_MCAL/EXTIx/MCAL_EXTI.c:49:4:MEXTI_U8GetPendingInterrupt	0	static
../Src/Src_MCAL/EXTIx/MCAL_EXTI.c:56:6:MEXTI_vSelectPort	8	static
../Src/Src_MCAL/EXTIx/MCAL_EXTI.c:64:6:MEXTI_vSetCallBack	0	static
