../Src/Src_MCAL/EXTI_AM/EXTI_prog.c:17:6:MEXTI_vEnableLine	16	static
../Src/Src_MCAL/EXTI_AM/EXTI_prog.c:21:6:MEXTI_vDisableLine	16	static
../Src/Src_MCAL/EXTI_AM/EXTI_prog.c:25:6:MEXTI_vEventTrigger	16	static
../Src/Src_MCAL/EXTI_AM/EXTI_prog.c:42:6:MEXTI_vSwiTrigger	16	static
../Src/Src_MCAL/EXTI_AM/EXTI_prog.c:47:4:MEXTI_vGetPending	24	static
../Src/Src_MCAL/EXTI_AM/EXTI_prog.c:56:6:MEXTI_vPortConfig	24	static
../Src/Src_MCAL/EXTI_AM/EXTI_prog.c:85:6:MEXTI1_vSetCallBack	16	static
../Src/Src_MCAL/EXTI_AM/EXTI_prog.c:89:6:MEXTI0_vSetCallBack	16	static
../Src/Src_MCAL/EXTI_AM/EXTI_prog.c:94:7:EXTI0_IRQHandler	8	static
../Src/Src_MCAL/EXTI_AM/EXTI_prog.c:99:6:EXTI1_IRQHandler	8	static
