../Src/Src_MCAL/EXTI_AM/EXTI_prog.c:17:6:MEXTI_vEnableLine	0	static
../Src/Src_MCAL/EXTI_AM/EXTI_prog.c:21:6:MEXTI_vDisableLine	0	static
../Src/Src_MCAL/EXTI_AM/EXTI_prog.c:25:6:MEXTI_vEventTrigger	8	static
../Src/Src_MCAL/EXTI_AM/EXTI_prog.c:42:6:MEXTI_vSwiTrigger	0	static
../Src/Src_MCAL/EXTI_AM/EXTI_prog.c:47:4:MEXTI_vGetPending	0	static
../Src/Src_MCAL/EXTI_AM/EXTI_prog.c:56:6:MEXTI_vPortConfig	0	static
../Src/Src_MCAL/EXTI_AM/EXTI_prog.c:85:6:MEXTI1_vSetCallBack	0	static
../Src/Src_MCAL/EXTI_AM/EXTI_prog.c:89:6:MEXTI0_vSetCallBack	0	static
../Src/Src_MCAL/EXTI_AM/EXTI_prog.c:94:7:EXTI0_IRQHandler	0	static
../Src/Src_MCAL/EXTI_AM/EXTI_prog.c:99:6:EXTI1_IRQHandler	0	static
