../Src/Src_HAL/LCD/HAL_LCD.c:92:6:HLCD_vWriteCommand	8	static
../Src/Src_HAL/LCD/HAL_LCD.c:23:6:HLCD_vInitiate	8	static
../Src/Src_HAL/LCD/HAL_LCD.c:133:6:HLCD_vClearScreen	0	static
../Src/Src_HAL/LCD/HAL_LCD.c:138:6:HLCD_vGoTo	8	static
../Src/Src_HAL/LCD/HAL_LCD.c:205:6:HLCD_vWriteCharacter	8	static
../Src/Src_HAL/LCD/HAL_LCD.c:153:6:HLCD_vBuildCustomChar	16	static
../Src/Src_HAL/LCD/HAL_LCD.c:246:6:HLCD_vWriteString	16	static
../Src/Src_HAL/LCD/HAL_LCD.c:256:6:HLCD_vWriteNumber	32	static
../Src/Src_HAL/LCD/HAL_LCD.c:286:6:HLCD_vWriteNumber_Bin	16	static
../Src/Src_HAL/LCD/HAL_LCD.c:304:6:HLCD_vWriteNumber_Hex	8	static
