Archive member included to satisfy reference by file (symbol)

c:/st/stm32cubeide_1.9.0/stm32cubeide/plugins/com.st.stm32cube.ide.mcu.externaltools.gnu-tools-for-stm32.10.3-2021.10.win32_1.0.0.202111181127/tools/bin/../lib/gcc/arm-none-eabi/10.3.1/../../../../arm-none-eabi/lib/thumb/v7e-m+fp/hard\libc_nano.a(lib_a-errno.o)
                              ./Src/syscalls.o (__errno)
c:/st/stm32cubeide_1.9.0/stm32cubeide/plugins/com.st.stm32cube.ide.mcu.externaltools.gnu-tools-for-stm32.10.3-2021.10.win32_1.0.0.202111181127/tools/bin/../lib/gcc/arm-none-eabi/10.3.1/../../../../arm-none-eabi/lib/thumb/v7e-m+fp/hard\libc_nano.a(lib_a-exit.o)
                              c:/st/stm32cubeide_1.9.0/stm32cubeide/plugins/com.st.stm32cube.ide.mcu.externaltools.gnu-tools-for-stm32.10.3-2021.10.win32_1.0.0.202111181127/tools/bin/../lib/gcc/arm-none-eabi/10.3.1/../../../../arm-none-eabi/lib/thumb/v7e-m+fp/hard/crt0.o (exit)
c:/st/stm32cubeide_1.9.0/stm32cubeide/plugins/com.st.stm32cube.ide.mcu.externaltools.gnu-tools-for-stm32.10.3-2021.10.win32_1.0.0.202111181127/tools/bin/../lib/gcc/arm-none-eabi/10.3.1/../../../../arm-none-eabi/lib/thumb/v7e-m+fp/hard\libc_nano.a(lib_a-impure.o)
                              c:/st/stm32cubeide_1.9.0/stm32cubeide/plugins/com.st.stm32cube.ide.mcu.externaltools.gnu-tools-for-stm32.10.3-2021.10.win32_1.0.0.202111181127/tools/bin/../lib/gcc/arm-none-eabi/10.3.1/../../../../arm-none-eabi/lib/thumb/v7e-m+fp/hard\libc_nano.a(lib_a-exit.o) (_global_impure_ptr)
c:/st/stm32cubeide_1.9.0/stm32cubeide/plugins/com.st.stm32cube.ide.mcu.externaltools.gnu-tools-for-stm32.10.3-2021.10.win32_1.0.0.202111181127/tools/bin/../lib/gcc/arm-none-eabi/10.3.1/../../../../arm-none-eabi/lib/thumb/v7e-m+fp/hard\libc_nano.a(lib_a-init.o)
                              c:/st/stm32cubeide_1.9.0/stm32cubeide/plugins/com.st.stm32cube.ide.mcu.externaltools.gnu-tools-for-stm32.10.3-2021.10.win32_1.0.0.202111181127/tools/bin/../lib/gcc/arm-none-eabi/10.3.1/../../../../arm-none-eabi/lib/thumb/v7e-m+fp/hard/crt0.o (__libc_init_array)
c:/st/stm32cubeide_1.9.0/stm32cubeide/plugins/com.st.stm32cube.ide.mcu.externaltools.gnu-tools-for-stm32.10.3-2021.10.win32_1.0.0.202111181127/tools/bin/../lib/gcc/arm-none-eabi/10.3.1/../../../../arm-none-eabi/lib/thumb/v7e-m+fp/hard\libc_nano.a(lib_a-memset.o)
                              c:/st/stm32cubeide_1.9.0/stm32cubeide/plugins/com.st.stm32cube.ide.mcu.externaltools.gnu-tools-for-stm32.10.3-2021.10.win32_1.0.0.202111181127/tools/bin/../lib/gcc/arm-none-eabi/10.3.1/../../../../arm-none-eabi/lib/thumb/v7e-m+fp/hard/crt0.o (memset)

Discarded input sections

 .text          0x0000000000000000        0x0 c:/st/stm32cubeide_1.9.0/stm32cubeide/plugins/com.st.stm32cube.ide.mcu.externaltools.gnu-tools-for-stm32.10.3-2021.10.win32_1.0.0.202111181127/tools/bin/../lib/gcc/arm-none-eabi/10.3.1/thumb/v7e-m+fp/hard/crti.o
 .data          0x0000000000000000        0x0 c:/st/stm32cubeide_1.9.0/stm32cubeide/plugins/com.st.stm32cube.ide.mcu.externaltools.gnu-tools-for-stm32.10.3-2021.10.win32_1.0.0.202111181127/tools/bin/../lib/gcc/arm-none-eabi/10.3.1/thumb/v7e-m+fp/hard/crti.o
 .bss           0x0000000000000000        0x0 c:/st/stm32cubeide_1.9.0/stm32cubeide/plugins/com.st.stm32cube.ide.mcu.externaltools.gnu-tools-for-stm32.10.3-2021.10.win32_1.0.0.202111181127/tools/bin/../lib/gcc/arm-none-eabi/10.3.1/thumb/v7e-m+fp/hard/crti.o
 .data          0x0000000000000000        0x4 c:/st/stm32cubeide_1.9.0/stm32cubeide/plugins/com.st.stm32cube.ide.mcu.externaltools.gnu-tools-for-stm32.10.3-2021.10.win32_1.0.0.202111181127/tools/bin/../lib/gcc/arm-none-eabi/10.3.1/thumb/v7e-m+fp/hard/crtbegin.o
 .rodata        0x0000000000000000       0x24 c:/st/stm32cubeide_1.9.0/stm32cubeide/plugins/com.st.stm32cube.ide.mcu.externaltools.gnu-tools-for-stm32.10.3-2021.10.win32_1.0.0.202111181127/tools/bin/../lib/gcc/arm-none-eabi/10.3.1/thumb/v7e-m+fp/hard/crtbegin.o
 .text          0x0000000000000000       0x7c c:/st/stm32cubeide_1.9.0/stm32cubeide/plugins/com.st.stm32cube.ide.mcu.externaltools.gnu-tools-for-stm32.10.3-2021.10.win32_1.0.0.202111181127/tools/bin/../lib/gcc/arm-none-eabi/10.3.1/../../../../arm-none-eabi/lib/thumb/v7e-m+fp/hard/crt0.o
 .data          0x0000000000000000        0x0 c:/st/stm32cubeide_1.9.0/stm32cubeide/plugins/com.st.stm32cube.ide.mcu.externaltools.gnu-tools-for-stm32.10.3-2021.10.win32_1.0.0.202111181127/tools/bin/../lib/gcc/arm-none-eabi/10.3.1/../../../../arm-none-eabi/lib/thumb/v7e-m+fp/hard/crt0.o
 .bss           0x0000000000000000        0x0 c:/st/stm32cubeide_1.9.0/stm32cubeide/plugins/com.st.stm32cube.ide.mcu.externaltools.gnu-tools-for-stm32.10.3-2021.10.win32_1.0.0.202111181127/tools/bin/../lib/gcc/arm-none-eabi/10.3.1/../../../../arm-none-eabi/lib/thumb/v7e-m+fp/hard/crt0.o
 .ARM.extab     0x0000000000000000        0x0 c:/st/stm32cubeide_1.9.0/stm32cubeide/plugins/com.st.stm32cube.ide.mcu.externaltools.gnu-tools-for-stm32.10.3-2021.10.win32_1.0.0.202111181127/tools/bin/../lib/gcc/arm-none-eabi/10.3.1/../../../../arm-none-eabi/lib/thumb/v7e-m+fp/hard/crt0.o
 .ARM.exidx     0x0000000000000000       0x10 c:/st/stm32cubeide_1.9.0/stm32cubeide/plugins/com.st.stm32cube.ide.mcu.externaltools.gnu-tools-for-stm32.10.3-2021.10.win32_1.0.0.202111181127/tools/bin/../lib/gcc/arm-none-eabi/10.3.1/../../../../arm-none-eabi/lib/thumb/v7e-m+fp/hard/crt0.o
 .ARM.attributes
                0x0000000000000000       0x1c c:/st/stm32cubeide_1.9.0/stm32cubeide/plugins/com.st.stm32cube.ide.mcu.externaltools.gnu-tools-for-stm32.10.3-2021.10.win32_1.0.0.202111181127/tools/bin/../lib/gcc/arm-none-eabi/10.3.1/../../../../arm-none-eabi/lib/thumb/v7e-m+fp/hard/crt0.o
 .group         0x0000000000000000        0xc ./Src/EXTI_program.o
 .group         0x0000000000000000        0xc ./Src/EXTI_program.o
 .group         0x0000000000000000        0xc ./Src/EXTI_program.o
 .group         0x0000000000000000        0xc ./Src/EXTI_program.o
 .group         0x0000000000000000        0xc ./Src/EXTI_program.o
 .text          0x0000000000000000        0x0 ./Src/EXTI_program.o
 .data          0x0000000000000000        0x0 ./Src/EXTI_program.o
 .bss           0x0000000000000000        0x0 ./Src/EXTI_program.o
 .text.MEXTI_vDisableLine
                0x0000000000000000       0x30 ./Src/EXTI_program.o
 .text.MEXTI_vTrigSW
                0x0000000000000000       0x2c ./Src/EXTI_program.o
 .text.MEXTI_vGetPendingStatus
                0x0000000000000000       0x2c ./Src/EXTI_program.o
 .text.EXTI5_IRQHandler
                0x0000000000000000       0x24 ./Src/EXTI_program.o
 .text.EXTI6_IRQHandler
                0x0000000000000000       0x24 ./Src/EXTI_program.o
 .text.EXTI7_IRQHandler
                0x0000000000000000       0x24 ./Src/EXTI_program.o
 .text.EXTI8_IRQHandler
                0x0000000000000000       0x24 ./Src/EXTI_program.o
 .text.EXTI9_IRQHandler
                0x0000000000000000       0x24 ./Src/EXTI_program.o
 .text.EXTI10_IRQHandler
                0x0000000000000000       0x24 ./Src/EXTI_program.o
 .text.EXTI11_IRQHandler
                0x0000000000000000       0x24 ./Src/EXTI_program.o
 .text.EXTI12_IRQHandler
                0x0000000000000000       0x24 ./Src/EXTI_program.o
 .text.EXTI13_IRQHandler
                0x0000000000000000       0x24 ./Src/EXTI_program.o
 .text.EXTI14_IRQHandler
                0x0000000000000000       0x24 ./Src/EXTI_program.o
 .text.EXTI15_IRQHandler
                0x0000000000000000       0x24 ./Src/EXTI_program.o
 .group         0x0000000000000000        0xc ./Src/MGPIO_Program.o
 .group         0x0000000000000000        0xc ./Src/MGPIO_Program.o
 .group         0x0000000000000000        0xc ./Src/MGPIO_Program.o
 .group         0x0000000000000000        0xc ./Src/MGPIO_Program.o
 .group         0x0000000000000000        0xc ./Src/MGPIO_Program.o
 .text          0x0000000000000000        0x0 ./Src/MGPIO_Program.o
 .data          0x0000000000000000        0x0 ./Src/MGPIO_Program.o
 .bss           0x0000000000000000        0x0 ./Src/MGPIO_Program.o
 .text.MGPIO_voidSetOutputType
                0x0000000000000000       0xe4 ./Src/MGPIO_Program.o
 .text.MGPIO_voidSetOutputSpeed
                0x0000000000000000       0xf0 ./Src/MGPIO_Program.o
 .text.MGPIO_voidSetPullState
                0x0000000000000000       0xf0 ./Src/MGPIO_Program.o
 .text.MGPIO_u8GetPInValue
                0x0000000000000000       0xd8 ./Src/MGPIO_Program.o
 .text.MGPIO_voidSetPinValue
                0x0000000000000000      0x18c ./Src/MGPIO_Program.o
 .text.MGPIO_voidDirectSetReset
                0x0000000000000000      0x13c ./Src/MGPIO_Program.o
 .debug_macro   0x0000000000000000      0xa7e ./Src/MGPIO_Program.o
 .debug_macro   0x0000000000000000       0x1c ./Src/MGPIO_Program.o
 .debug_macro   0x0000000000000000       0x34 ./Src/MGPIO_Program.o
 .group         0x0000000000000000        0xc ./Src/MRCC_Program.o
 .group         0x0000000000000000        0xc ./Src/MRCC_Program.o
 .group         0x0000000000000000        0xc ./Src/MRCC_Program.o
 .group         0x0000000000000000        0xc ./Src/MRCC_Program.o
 .group         0x0000000000000000        0xc ./Src/MRCC_Program.o
 .group         0x0000000000000000        0xc ./Src/MRCC_Program.o
 .text          0x0000000000000000        0x0 ./Src/MRCC_Program.o
 .data          0x0000000000000000        0x0 ./Src/MRCC_Program.o
 .bss           0x0000000000000000        0x0 ./Src/MRCC_Program.o
 .text.MRCC_voidDisablePeripheralClock
                0x0000000000000000       0xa4 ./Src/MRCC_Program.o
 .debug_macro   0x0000000000000000      0xa7e ./Src/MRCC_Program.o
 .debug_macro   0x0000000000000000       0x1c ./Src/MRCC_Program.o
 .debug_macro   0x0000000000000000       0x34 ./Src/MRCC_Program.o
 .group         0x0000000000000000        0xc ./Src/MSTK_Program.o
 .group         0x0000000000000000        0xc ./Src/MSTK_Program.o
 .group         0x0000000000000000        0xc ./Src/MSTK_Program.o
 .group         0x0000000000000000        0xc ./Src/MSTK_Program.o
 .group         0x0000000000000000        0xc ./Src/MSTK_Program.o
 .text          0x0000000000000000        0x0 ./Src/MSTK_Program.o
 .data          0x0000000000000000        0x0 ./Src/MSTK_Program.o
 .bss           0x0000000000000000        0x0 ./Src/MSTK_Program.o
 .text.MSTK_voidStart
                0x0000000000000000       0x30 ./Src/MSTK_Program.o
 .text.MSTK_voidDelayMs
                0x0000000000000000       0x38 ./Src/MSTK_Program.o
 .text.MSTK_voidDelayUs
                0x0000000000000000       0x36 ./Src/MSTK_Program.o
 .text.MSTK_u8ReadFlag
                0x0000000000000000       0x20 ./Src/MSTK_Program.o
 .text.MSTK_voidCtrlIntState
                0x0000000000000000       0x38 ./Src/MSTK_Program.o
 .text.MSTK_voidCallBack
                0x0000000000000000       0x20 ./Src/MSTK_Program.o
 .text.MSTK_voidSetIntervalSingle
                0x0000000000000000       0x50 ./Src/MSTK_Program.o
 .text.MSTK_u32GetTime
                0x0000000000000000       0x2c ./Src/MSTK_Program.o
 .debug_macro   0x0000000000000000      0xa7e ./Src/MSTK_Program.o
 .debug_macro   0x0000000000000000       0x1c ./Src/MSTK_Program.o
 .debug_macro   0x0000000000000000       0x34 ./Src/MSTK_Program.o
 .group         0x0000000000000000        0xc ./Src/MUSART_Program.o
 .group         0x0000000000000000        0xc ./Src/MUSART_Program.o
 .group         0x0000000000000000        0xc ./Src/MUSART_Program.o
 .group         0x0000000000000000        0xc ./Src/MUSART_Program.o
 .text          0x0000000000000000        0x0 ./Src/MUSART_Program.o
 .data          0x0000000000000000        0x0 ./Src/MUSART_Program.o
 .bss           0x0000000000000000        0x0 ./Src/MUSART_Program.o
 .text.MUSART_u8ReadData
                0x0000000000000000       0x28 ./Src/MUSART_Program.o
 .text.MUSART_voidDisable
                0x0000000000000000       0x1c ./Src/MUSART_Program.o
 .text.MUSART_voidCallBack
                0x0000000000000000       0x20 ./Src/MUSART_Program.o
 .debug_macro   0x0000000000000000      0xa7e ./Src/MUSART_Program.o
 .debug_macro   0x0000000000000000       0x1c ./Src/MUSART_Program.o
 .debug_macro   0x0000000000000000       0x34 ./Src/MUSART_Program.o
 .group         0x0000000000000000        0xc ./Src/NVIC_program.o
 .group         0x0000000000000000        0xc ./Src/NVIC_program.o
 .group         0x0000000000000000        0xc ./Src/NVIC_program.o
 .group         0x0000000000000000        0xc ./Src/NVIC_program.o
 .text          0x0000000000000000        0x0 ./Src/NVIC_program.o
 .data          0x0000000000000000        0x0 ./Src/NVIC_program.o
 .bss           0x0000000000000000        0x0 ./Src/NVIC_program.o
 .text.MNVIC_vDisableIRQ
                0x0000000000000000       0x44 ./Src/NVIC_program.o
 .text.MNVIC_vSetPending
                0x0000000000000000       0x44 ./Src/NVIC_program.o
 .text.MNVIC_vClearPending
                0x0000000000000000       0x44 ./Src/NVIC_program.o
 .text.MNVIC_u8GetActiveFlag
                0x0000000000000000       0x3c ./Src/NVIC_program.o
 .debug_macro   0x0000000000000000      0xa7e ./Src/NVIC_program.o
 .debug_macro   0x0000000000000000       0x34 ./Src/NVIC_program.o
 .debug_macro   0x0000000000000000       0x1c ./Src/NVIC_program.o
 .group         0x0000000000000000        0xc ./Src/main.o
 .group         0x0000000000000000        0xc ./Src/main.o
 .group         0x0000000000000000        0xc ./Src/main.o
 .group         0x0000000000000000        0xc ./Src/main.o
 .group         0x0000000000000000        0xc ./Src/main.o
 .group         0x0000000000000000        0xc ./Src/main.o
 .group         0x0000000000000000        0xc ./Src/main.o
 .text          0x0000000000000000        0x0 ./Src/main.o
 .data          0x0000000000000000        0x0 ./Src/main.o
 .bss           0x0000000000000000        0x0 ./Src/main.o
 .debug_macro   0x0000000000000000      0xa7e ./Src/main.o
 .debug_macro   0x0000000000000000       0x1c ./Src/main.o
 .debug_macro   0x0000000000000000       0x34 ./Src/main.o
 .debug_macro   0x0000000000000000       0x52 ./Src/main.o
 .debug_macro   0x0000000000000000      0x1cd ./Src/main.o
 .debug_macro   0x0000000000000000      0x142 ./Src/main.o
 .debug_macro   0x0000000000000000       0x1c ./Src/main.o
 .group         0x0000000000000000        0xc ./Src/syscalls.o
 .group         0x0000000000000000        0xc ./Src/syscalls.o
 .group         0x0000000000000000        0xc ./Src/syscalls.o
 .group         0x0000000000000000        0xc ./Src/syscalls.o
 .group         0x0000000000000000        0xc ./Src/syscalls.o
 .group         0x0000000000000000        0xc ./Src/syscalls.o
 .group         0x0000000000000000        0xc ./Src/syscalls.o
 .group         0x0000000000000000        0xc ./Src/syscalls.o
 .group         0x0000000000000000        0xc ./Src/syscalls.o
 .group         0x0000000000000000        0xc ./Src/syscalls.o
 .group         0x0000000000000000        0xc ./Src/syscalls.o
 .group         0x0000000000000000        0xc ./Src/syscalls.o
 .group         0x0000000000000000        0xc ./Src/syscalls.o
 .group         0x0000000000000000        0xc ./Src/syscalls.o
 .group         0x0000000000000000        0xc ./Src/syscalls.o
 .group         0x0000000000000000        0xc ./Src/syscalls.o
 .group         0x0000000000000000        0xc ./Src/syscalls.o
 .group         0x0000000000000000        0xc ./Src/syscalls.o
 .group         0x0000000000000000        0xc ./Src/syscalls.o
 .group         0x0000000000000000        0xc ./Src/syscalls.o
 .group         0x0000000000000000        0xc ./Src/syscalls.o
 .group         0x0000000000000000        0xc ./Src/syscalls.o
 .group         0x0000000000000000        0xc ./Src/syscalls.o
 .group         0x0000000000000000        0xc ./Src/syscalls.o
 .group         0x0000000000000000        0xc ./Src/syscalls.o
 .group         0x0000000000000000        0xc ./Src/syscalls.o
 .group         0x0000000000000000        0xc ./Src/syscalls.o
 .group         0x0000000000000000        0xc ./Src/syscalls.o
 .group         0x0000000000000000        0xc ./Src/syscalls.o
 .group         0x0000000000000000        0xc ./Src/syscalls.o
 .group         0x0000000000000000        0xc ./Src/syscalls.o
 .group         0x0000000000000000        0xc ./Src/syscalls.o
 .group         0x0000000000000000        0xc ./Src/syscalls.o
 .group         0x0000000000000000        0xc ./Src/syscalls.o
 .group         0x0000000000000000        0xc ./Src/syscalls.o
 .group         0x0000000000000000        0xc ./Src/syscalls.o
 .group         0x0000000000000000        0xc ./Src/syscalls.o
 .group         0x0000000000000000        0xc ./Src/syscalls.o
 .group         0x0000000000000000        0xc ./Src/syscalls.o
 .group         0x0000000000000000        0xc ./Src/syscalls.o
 .group         0x0000000000000000        0xc ./Src/syscalls.o
 .group         0x0000000000000000        0xc ./Src/syscalls.o
 .group         0x0000000000000000        0xc ./Src/syscalls.o
 .group         0x0000000000000000        0xc ./Src/syscalls.o
 .group         0x0000000000000000        0xc ./Src/syscalls.o
 .group         0x0000000000000000        0xc ./Src/syscalls.o
 .group         0x0000000000000000        0xc ./Src/syscalls.o
 .text          0x0000000000000000        0x0 ./Src/syscalls.o
 .data          0x0000000000000000        0x0 ./Src/syscalls.o
 .bss           0x0000000000000000        0x0 ./Src/syscalls.o
 .bss.__env     0x0000000000000000        0x4 ./Src/syscalls.o
 .data.environ  0x0000000000000000        0x4 ./Src/syscalls.o
 .text.initialise_monitor_handles
                0x0000000000000000        0xe ./Src/syscalls.o
 .text._getpid  0x0000000000000000       0x10 ./Src/syscalls.o
 .text._kill    0x0000000000000000       0x20 ./Src/syscalls.o
 .text._exit    0x0000000000000000       0x14 ./Src/syscalls.o
 .text._read    0x0000000000000000       0x3a ./Src/syscalls.o
 .text._write   0x0000000000000000       0x38 ./Src/syscalls.o
 .text._close   0x0000000000000000       0x18 ./Src/syscalls.o
 .text._fstat   0x0000000000000000       0x20 ./Src/syscalls.o
 .text._isatty  0x0000000000000000       0x16 ./Src/syscalls.o
 .text._lseek   0x0000000000000000       0x1a ./Src/syscalls.o
 .text._open    0x0000000000000000       0x1c ./Src/syscalls.o
 .text._wait    0x0000000000000000       0x1e ./Src/syscalls.o
 .text._unlink  0x0000000000000000       0x1e ./Src/syscalls.o
 .text._times   0x0000000000000000       0x18 ./Src/syscalls.o
 .text._stat    0x0000000000000000       0x20 ./Src/syscalls.o
 .text._link    0x0000000000000000       0x20 ./Src/syscalls.o
 .text._fork    0x0000000000000000       0x16 ./Src/syscalls.o
 .text._execve  0x0000000000000000       0x22 ./Src/syscalls.o
 .debug_info    0x0000000000000000      0x6e0 ./Src/syscalls.o
 .debug_abbrev  0x0000000000000000      0x1b3 ./Src/syscalls.o
 .debug_aranges
                0x0000000000000000       0xa8 ./Src/syscalls.o
 .debug_ranges  0x0000000000000000       0x98 ./Src/syscalls.o
 .debug_macro   0x0000000000000000      0x24c ./Src/syscalls.o
 .debug_macro   0x0000000000000000      0xa7e ./Src/syscalls.o
 .debug_macro   0x0000000000000000       0x22 ./Src/syscalls.o
 .debug_macro   0x0000000000000000       0x4c ./Src/syscalls.o
 .debug_macro   0x0000000000000000       0x1e ./Src/syscalls.o
 .debug_macro   0x0000000000000000       0x94 ./Src/syscalls.o
 .debug_macro   0x0000000000000000       0x3c ./Src/syscalls.o
 .debug_macro   0x0000000000000000       0x34 ./Src/syscalls.o
 .debug_macro   0x0000000000000000       0x57 ./Src/syscalls.o
 .debug_macro   0x0000000000000000      0x174 ./Src/syscalls.o
 .debug_macro   0x0000000000000000      0x341 ./Src/syscalls.o
 .debug_macro   0x0000000000000000       0x16 ./Src/syscalls.o
 .debug_macro   0x0000000000000000       0x43 ./Src/syscalls.o
 .debug_macro   0x0000000000000000       0x34 ./Src/syscalls.o
 .debug_macro   0x0000000000000000       0x10 ./Src/syscalls.o
 .debug_macro   0x0000000000000000       0x58 ./Src/syscalls.o
 .debug_macro   0x0000000000000000       0x71 ./Src/syscalls.o
 .debug_macro   0x0000000000000000       0x1c ./Src/syscalls.o
 .debug_macro   0x0000000000000000      0x12a ./Src/syscalls.o
 .debug_macro   0x0000000000000000       0x10 ./Src/syscalls.o
 .debug_macro   0x0000000000000000       0x35 ./Src/syscalls.o
 .debug_macro   0x0000000000000000       0x10 ./Src/syscalls.o
 .debug_macro   0x0000000000000000       0x10 ./Src/syscalls.o
 .debug_macro   0x0000000000000000       0x10 ./Src/syscalls.o
 .debug_macro   0x0000000000000000       0x6a ./Src/syscalls.o
 .debug_macro   0x0000000000000000       0x1c ./Src/syscalls.o
 .debug_macro   0x0000000000000000       0x52 ./Src/syscalls.o
 .debug_macro   0x0000000000000000       0x22 ./Src/syscalls.o
 .debug_macro   0x0000000000000000       0x10 ./Src/syscalls.o
 .debug_macro   0x0000000000000000       0x52 ./Src/syscalls.o
 .debug_macro   0x0000000000000000       0xd5 ./Src/syscalls.o
 .debug_macro   0x0000000000000000       0x1c ./Src/syscalls.o
 .debug_macro   0x0000000000000000       0x3d ./Src/syscalls.o
 .debug_macro   0x0000000000000000       0x35 ./Src/syscalls.o
 .debug_macro   0x0000000000000000      0x12c ./Src/syscalls.o
 .debug_macro   0x0000000000000000       0x16 ./Src/syscalls.o
 .debug_macro   0x0000000000000000       0x16 ./Src/syscalls.o
 .debug_macro   0x0000000000000000       0x29 ./Src/syscalls.o
 .debug_macro   0x0000000000000000       0x10 ./Src/syscalls.o
 .debug_macro   0x0000000000000000      0x241 ./Src/syscalls.o
 .debug_macro   0x0000000000000000       0x1c ./Src/syscalls.o
 .debug_macro   0x0000000000000000       0x10 ./Src/syscalls.o
 .debug_macro   0x0000000000000000       0x10 ./Src/syscalls.o
 .debug_macro   0x0000000000000000       0x16 ./Src/syscalls.o
 .debug_macro   0x0000000000000000      0x145 ./Src/syscalls.o
 .debug_macro   0x0000000000000000      0x189 ./Src/syscalls.o
 .debug_macro   0x0000000000000000       0x16 ./Src/syscalls.o
 .debug_macro   0x0000000000000000       0xce ./Src/syscalls.o
 .debug_line    0x0000000000000000      0x7ea ./Src/syscalls.o
 .debug_str     0x0000000000000000     0x8a79 ./Src/syscalls.o
 .comment       0x0000000000000000       0x51 ./Src/syscalls.o
 .debug_frame   0x0000000000000000      0x2ac ./Src/syscalls.o
 .ARM.attributes
                0x0000000000000000       0x34 ./Src/syscalls.o
 .group         0x0000000000000000        0xc ./Src/sysmem.o
 .group         0x0000000000000000        0xc ./Src/sysmem.o
 .group         0x0000000000000000        0xc ./Src/sysmem.o
 .group         0x0000000000000000        0xc ./Src/sysmem.o
 .group         0x0000000000000000        0xc ./Src/sysmem.o
 .group         0x0000000000000000        0xc ./Src/sysmem.o
 .group         0x0000000000000000        0xc ./Src/sysmem.o
 .group         0x0000000000000000        0xc ./Src/sysmem.o
 .group         0x0000000000000000        0xc ./Src/sysmem.o
 .group         0x0000000000000000        0xc ./Src/sysmem.o
 .group         0x0000000000000000        0xc ./Src/sysmem.o
 .group         0x0000000000000000        0xc ./Src/sysmem.o
 .group         0x0000000000000000        0xc ./Src/sysmem.o
 .group         0x0000000000000000        0xc ./Src/sysmem.o
 .group         0x0000000000000000        0xc ./Src/sysmem.o
 .group         0x0000000000000000        0xc ./Src/sysmem.o
 .group         0x0000000000000000        0xc ./Src/sysmem.o
 .group         0x0000000000000000        0xc ./Src/sysmem.o
 .group         0x0000000000000000        0xc ./Src/sysmem.o
 .group         0x0000000000000000        0xc ./Src/sysmem.o
 .group         0x0000000000000000        0xc ./Src/sysmem.o
 .group         0x0000000000000000        0xc ./Src/sysmem.o
 .text          0x0000000000000000        0x0 ./Src/sysmem.o
 .data          0x0000000000000000        0x0 ./Src/sysmem.o
 .bss           0x0000000000000000        0x0 ./Src/sysmem.o
 .bss.__sbrk_heap_end
                0x0000000000000000        0x4 ./Src/sysmem.o
 .text._sbrk    0x0000000000000000       0x6c ./Src/sysmem.o
 .debug_info    0x0000000000000000      0x171 ./Src/sysmem.o
 .debug_abbrev  0x0000000000000000       0xbb ./Src/sysmem.o
 .debug_aranges
                0x0000000000000000       0x20 ./Src/sysmem.o
 .debug_ranges  0x0000000000000000       0x10 ./Src/sysmem.o
 .debug_macro   0x0000000000000000       0xff ./Src/sysmem.o
 .debug_macro   0x0000000000000000      0xa7e ./Src/sysmem.o
 .debug_macro   0x0000000000000000       0x10 ./Src/sysmem.o
 .debug_macro   0x0000000000000000       0x22 ./Src/sysmem.o
 .debug_macro   0x0000000000000000       0x4c ./Src/sysmem.o
 .debug_macro   0x0000000000000000       0x1e ./Src/sysmem.o
 .debug_macro   0x0000000000000000       0x94 ./Src/sysmem.o
 .debug_macro   0x0000000000000000       0x3c ./Src/sysmem.o
 .debug_macro   0x0000000000000000       0x34 ./Src/sysmem.o
 .debug_macro   0x0000000000000000      0x174 ./Src/sysmem.o
 .debug_macro   0x0000000000000000       0x16 ./Src/sysmem.o
 .debug_macro   0x0000000000000000       0x43 ./Src/sysmem.o
 .debug_macro   0x0000000000000000       0x57 ./Src/sysmem.o
 .debug_macro   0x0000000000000000       0x34 ./Src/sysmem.o
 .debug_macro   0x0000000000000000       0x10 ./Src/sysmem.o
 .debug_macro   0x0000000000000000       0x58 ./Src/sysmem.o
 .debug_macro   0x0000000000000000       0x71 ./Src/sysmem.o
 .debug_macro   0x0000000000000000       0x1c ./Src/sysmem.o
 .debug_macro   0x0000000000000000      0x12a ./Src/sysmem.o
 .debug_macro   0x0000000000000000      0x23b ./Src/sysmem.o
 .debug_macro   0x0000000000000000      0x103 ./Src/sysmem.o
 .debug_macro   0x0000000000000000       0x6a ./Src/sysmem.o
 .debug_macro   0x0000000000000000      0x1df ./Src/sysmem.o
 .debug_line    0x0000000000000000      0x4e0 ./Src/sysmem.o
 .debug_str     0x0000000000000000     0x5db5 ./Src/sysmem.o
 .comment       0x0000000000000000       0x51 ./Src/sysmem.o
 .debug_frame   0x0000000000000000       0x34 ./Src/sysmem.o
 .ARM.attributes
                0x0000000000000000       0x34 ./Src/sysmem.o
 .text          0x0000000000000000       0x14 ./Startup/startup_stm32f401ccfx.o
 .data          0x0000000000000000        0x0 ./Startup/startup_stm32f401ccfx.o
 .bss           0x0000000000000000        0x0 ./Startup/startup_stm32f401ccfx.o
 .text          0x0000000000000000        0x0 c:/st/stm32cubeide_1.9.0/stm32cubeide/plugins/com.st.stm32cube.ide.mcu.externaltools.gnu-tools-for-stm32.10.3-2021.10.win32_1.0.0.202111181127/tools/bin/../lib/gcc/arm-none-eabi/10.3.1/../../../../arm-none-eabi/lib/thumb/v7e-m+fp/hard\libc_nano.a(lib_a-errno.o)
 .data          0x0000000000000000        0x0 c:/st/stm32cubeide_1.9.0/stm32cubeide/plugins/com.st.stm32cube.ide.mcu.externaltools.gnu-tools-for-stm32.10.3-2021.10.win32_1.0.0.202111181127/tools/bin/../lib/gcc/arm-none-eabi/10.3.1/../../../../arm-none-eabi/lib/thumb/v7e-m+fp/hard\libc_nano.a(lib_a-errno.o)
 .bss           0x0000000000000000        0x0 c:/st/stm32cubeide_1.9.0/stm32cubeide/plugins/com.st.stm32cube.ide.mcu.externaltools.gnu-tools-for-stm32.10.3-2021.10.win32_1.0.0.202111181127/tools/bin/../lib/gcc/arm-none-eabi/10.3.1/../../../../arm-none-eabi/lib/thumb/v7e-m+fp/hard\libc_nano.a(lib_a-errno.o)
 .text.__errno  0x0000000000000000        0xc c:/st/stm32cubeide_1.9.0/stm32cubeide/plugins/com.st.stm32cube.ide.mcu.externaltools.gnu-tools-for-stm32.10.3-2021.10.win32_1.0.0.202111181127/tools/bin/../lib/gcc/arm-none-eabi/10.3.1/../../../../arm-none-eabi/lib/thumb/v7e-m+fp/hard\libc_nano.a(lib_a-errno.o)
 .debug_frame   0x0000000000000000       0x20 c:/st/stm32cubeide_1.9.0/stm32cubeide/plugins/com.st.stm32cube.ide.mcu.externaltools.gnu-tools-for-stm32.10.3-2021.10.win32_1.0.0.202111181127/tools/bin/../lib/gcc/arm-none-eabi/10.3.1/../../../../arm-none-eabi/lib/thumb/v7e-m+fp/hard\libc_nano.a(lib_a-errno.o)
 .ARM.attributes
                0x0000000000000000       0x34 c:/st/stm32cubeide_1.9.0/stm32cubeide/plugins/com.st.stm32cube.ide.mcu.externaltools.gnu-tools-for-stm32.10.3-2021.10.win32_1.0.0.202111181127/tools/bin/../lib/gcc/arm-none-eabi/10.3.1/../../../../arm-none-eabi/lib/thumb/v7e-m+fp/hard\libc_nano.a(lib_a-errno.o)
 .text          0x0000000000000000        0x0 c:/st/stm32cubeide_1.9.0/stm32cubeide/plugins/com.st.stm32cube.ide.mcu.externaltools.gnu-tools-for-stm32.10.3-2021.10.win32_1.0.0.202111181127/tools/bin/../lib/gcc/arm-none-eabi/10.3.1/../../../../arm-none-eabi/lib/thumb/v7e-m+fp/hard\libc_nano.a(lib_a-exit.o)
 .data          0x0000000000000000        0x0 c:/st/stm32cubeide_1.9.0/stm32cubeide/plugins/com.st.stm32cube.ide.mcu.externaltools.gnu-tools-for-stm32.10.3-2021.10.win32_1.0.0.202111181127/tools/bin/../lib/gcc/arm-none-eabi/10.3.1/../../../../arm-none-eabi/lib/thumb/v7e-m+fp/hard\libc_nano.a(lib_a-exit.o)
 .bss           0x0000000000000000        0x0 c:/st/stm32cubeide_1.9.0/stm32cubeide/plugins/com.st.stm32cube.ide.mcu.externaltools.gnu-tools-for-stm32.10.3-2021.10.win32_1.0.0.202111181127/tools/bin/../lib/gcc/arm-none-eabi/10.3.1/../../../../arm-none-eabi/lib/thumb/v7e-m+fp/hard\libc_nano.a(lib_a-exit.o)
 .text.exit     0x0000000000000000       0x28 c:/st/stm32cubeide_1.9.0/stm32cubeide/plugins/com.st.stm32cube.ide.mcu.externaltools.gnu-tools-for-stm32.10.3-2021.10.win32_1.0.0.202111181127/tools/bin/../lib/gcc/arm-none-eabi/10.3.1/../../../../arm-none-eabi/lib/thumb/v7e-m+fp/hard\libc_nano.a(lib_a-exit.o)
 .debug_frame   0x0000000000000000       0x28 c:/st/stm32cubeide_1.9.0/stm32cubeide/plugins/com.st.stm32cube.ide.mcu.externaltools.gnu-tools-for-stm32.10.3-2021.10.win32_1.0.0.202111181127/tools/bin/../lib/gcc/arm-none-eabi/10.3.1/../../../../arm-none-eabi/lib/thumb/v7e-m+fp/hard\libc_nano.a(lib_a-exit.o)
 .ARM.attributes
                0x0000000000000000       0x34 c:/st/stm32cubeide_1.9.0/stm32cubeide/plugins/com.st.stm32cube.ide.mcu.externaltools.gnu-tools-for-stm32.10.3-2021.10.win32_1.0.0.202111181127/tools/bin/../lib/gcc/arm-none-eabi/10.3.1/../../../../arm-none-eabi/lib/thumb/v7e-m+fp/hard\libc_nano.a(lib_a-exit.o)
 .text          0x0000000000000000        0x0 c:/st/stm32cubeide_1.9.0/stm32cubeide/plugins/com.st.stm32cube.ide.mcu.externaltools.gnu-tools-for-stm32.10.3-2021.10.win32_1.0.0.202111181127/tools/bin/../lib/gcc/arm-none-eabi/10.3.1/../../../../arm-none-eabi/lib/thumb/v7e-m+fp/hard\libc_nano.a(lib_a-impure.o)
 .data          0x0000000000000000        0x0 c:/st/stm32cubeide_1.9.0/stm32cubeide/plugins/com.st.stm32cube.ide.mcu.externaltools.gnu-tools-for-stm32.10.3-2021.10.win32_1.0.0.202111181127/tools/bin/../lib/gcc/arm-none-eabi/10.3.1/../../../../arm-none-eabi/lib/thumb/v7e-m+fp/hard\libc_nano.a(lib_a-impure.o)
 .bss           0x0000000000000000        0x0 c:/st/stm32cubeide_1.9.0/stm32cubeide/plugins/com.st.stm32cube.ide.mcu.externaltools.gnu-tools-for-stm32.10.3-2021.10.win32_1.0.0.202111181127/tools/bin/../lib/gcc/arm-none-eabi/10.3.1/../../../../arm-none-eabi/lib/thumb/v7e-m+fp/hard\libc_nano.a(lib_a-impure.o)
 .data._impure_ptr
                0x0000000000000000        0x4 c:/st/stm32cubeide_1.9.0/stm32cubeide/plugins/com.st.stm32cube.ide.mcu.externaltools.gnu-tools-for-stm32.10.3-2021.10.win32_1.0.0.202111181127/tools/bin/../lib/gcc/arm-none-eabi/10.3.1/../../../../arm-none-eabi/lib/thumb/v7e-m+fp/hard\libc_nano.a(lib_a-impure.o)
 .data.impure_data
                0x0000000000000000       0x60 c:/st/stm32cubeide_1.9.0/stm32cubeide/plugins/com.st.stm32cube.ide.mcu.externaltools.gnu-tools-for-stm32.10.3-2021.10.win32_1.0.0.202111181127/tools/bin/../lib/gcc/arm-none-eabi/10.3.1/../../../../arm-none-eabi/lib/thumb/v7e-m+fp/hard\libc_nano.a(lib_a-impure.o)
 .rodata._global_impure_ptr
                0x0000000000000000        0x4 c:/st/stm32cubeide_1.9.0/stm32cubeide/plugins/com.st.stm32cube.ide.mcu.externaltools.gnu-tools-for-stm32.10.3-2021.10.win32_1.0.0.202111181127/tools/bin/../lib/gcc/arm-none-eabi/10.3.1/../../../../arm-none-eabi/lib/thumb/v7e-m+fp/hard\libc_nano.a(lib_a-impure.o)
 .ARM.attributes
                0x0000000000000000       0x34 c:/st/stm32cubeide_1.9.0/stm32cubeide/plugins/com.st.stm32cube.ide.mcu.externaltools.gnu-tools-for-stm32.10.3-2021.10.win32_1.0.0.202111181127/tools/bin/../lib/gcc/arm-none-eabi/10.3.1/../../../../arm-none-eabi/lib/thumb/v7e-m+fp/hard\libc_nano.a(lib_a-impure.o)
 .text          0x0000000000000000        0x0 c:/st/stm32cubeide_1.9.0/stm32cubeide/plugins/com.st.stm32cube.ide.mcu.externaltools.gnu-tools-for-stm32.10.3-2021.10.win32_1.0.0.202111181127/tools/bin/../lib/gcc/arm-none-eabi/10.3.1/../../../../arm-none-eabi/lib/thumb/v7e-m+fp/hard\libc_nano.a(lib_a-init.o)
 .data          0x0000000000000000        0x0 c:/st/stm32cubeide_1.9.0/stm32cubeide/plugins/com.st.stm32cube.ide.mcu.externaltools.gnu-tools-for-stm32.10.3-2021.10.win32_1.0.0.202111181127/tools/bin/../lib/gcc/arm-none-eabi/10.3.1/../../../../arm-none-eabi/lib/thumb/v7e-m+fp/hard\libc_nano.a(lib_a-init.o)
 .bss           0x0000000000000000        0x0 c:/st/stm32cubeide_1.9.0/stm32cubeide/plugins/com.st.stm32cube.ide.mcu.externaltools.gnu-tools-for-stm32.10.3-2021.10.win32_1.0.0.202111181127/tools/bin/../lib/gcc/arm-none-eabi/10.3.1/../../../../arm-none-eabi/lib/thumb/v7e-m+fp/hard\libc_nano.a(lib_a-init.o)
 .text          0x0000000000000000        0x0 c:/st/stm32cubeide_1.9.0/stm32cubeide/plugins/com.st.stm32cube.ide.mcu.externaltools.gnu-tools-for-stm32.10.3-2021.10.win32_1.0.0.202111181127/tools/bin/../lib/gcc/arm-none-eabi/10.3.1/../../../../arm-none-eabi/lib/thumb/v7e-m+fp/hard\libc_nano.a(lib_a-memset.o)
 .data          0x0000000000000000        0x0 c:/st/stm32cubeide_1.9.0/stm32cubeide/plugins/com.st.stm32cube.ide.mcu.externaltools.gnu-tools-for-stm32.10.3-2021.10.win32_1.0.0.202111181127/tools/bin/../lib/gcc/arm-none-eabi/10.3.1/../../../../arm-none-eabi/lib/thumb/v7e-m+fp/hard\libc_nano.a(lib_a-memset.o)
 .bss           0x0000000000000000        0x0 c:/st/stm32cubeide_1.9.0/stm32cubeide/plugins/com.st.stm32cube.ide.mcu.externaltools.gnu-tools-for-stm32.10.3-2021.10.win32_1.0.0.202111181127/tools/bin/../lib/gcc/arm-none-eabi/10.3.1/../../../../arm-none-eabi/lib/thumb/v7e-m+fp/hard\libc_nano.a(lib_a-memset.o)
 .text.memset   0x0000000000000000       0x10 c:/st/stm32cubeide_1.9.0/stm32cubeide/plugins/com.st.stm32cube.ide.mcu.externaltools.gnu-tools-for-stm32.10.3-2021.10.win32_1.0.0.202111181127/tools/bin/../lib/gcc/arm-none-eabi/10.3.1/../../../../arm-none-eabi/lib/thumb/v7e-m+fp/hard\libc_nano.a(lib_a-memset.o)
 .debug_frame   0x0000000000000000       0x20 c:/st/stm32cubeide_1.9.0/stm32cubeide/plugins/com.st.stm32cube.ide.mcu.externaltools.gnu-tools-for-stm32.10.3-2021.10.win32_1.0.0.202111181127/tools/bin/../lib/gcc/arm-none-eabi/10.3.1/../../../../arm-none-eabi/lib/thumb/v7e-m+fp/hard\libc_nano.a(lib_a-memset.o)
 .ARM.attributes
                0x0000000000000000       0x34 c:/st/stm32cubeide_1.9.0/stm32cubeide/plugins/com.st.stm32cube.ide.mcu.externaltools.gnu-tools-for-stm32.10.3-2021.10.win32_1.0.0.202111181127/tools/bin/../lib/gcc/arm-none-eabi/10.3.1/../../../../arm-none-eabi/lib/thumb/v7e-m+fp/hard\libc_nano.a(lib_a-memset.o)
 .text          0x0000000000000000        0x0 c:/st/stm32cubeide_1.9.0/stm32cubeide/plugins/com.st.stm32cube.ide.mcu.externaltools.gnu-tools-for-stm32.10.3-2021.10.win32_1.0.0.202111181127/tools/bin/../lib/gcc/arm-none-eabi/10.3.1/thumb/v7e-m+fp/hard/crtend.o
 .data          0x0000000000000000        0x0 c:/st/stm32cubeide_1.9.0/stm32cubeide/plugins/com.st.stm32cube.ide.mcu.externaltools.gnu-tools-for-stm32.10.3-2021.10.win32_1.0.0.202111181127/tools/bin/../lib/gcc/arm-none-eabi/10.3.1/thumb/v7e-m+fp/hard/crtend.o
 .bss           0x0000000000000000        0x0 c:/st/stm32cubeide_1.9.0/stm32cubeide/plugins/com.st.stm32cube.ide.mcu.externaltools.gnu-tools-for-stm32.10.3-2021.10.win32_1.0.0.202111181127/tools/bin/../lib/gcc/arm-none-eabi/10.3.1/thumb/v7e-m+fp/hard/crtend.o
 .rodata        0x0000000000000000       0x24 c:/st/stm32cubeide_1.9.0/stm32cubeide/plugins/com.st.stm32cube.ide.mcu.externaltools.gnu-tools-for-stm32.10.3-2021.10.win32_1.0.0.202111181127/tools/bin/../lib/gcc/arm-none-eabi/10.3.1/thumb/v7e-m+fp/hard/crtend.o
 .eh_frame      0x0000000000000000        0x4 c:/st/stm32cubeide_1.9.0/stm32cubeide/plugins/com.st.stm32cube.ide.mcu.externaltools.gnu-tools-for-stm32.10.3-2021.10.win32_1.0.0.202111181127/tools/bin/../lib/gcc/arm-none-eabi/10.3.1/thumb/v7e-m+fp/hard/crtend.o
 .ARM.attributes
                0x0000000000000000       0x34 c:/st/stm32cubeide_1.9.0/stm32cubeide/plugins/com.st.stm32cube.ide.mcu.externaltools.gnu-tools-for-stm32.10.3-2021.10.win32_1.0.0.202111181127/tools/bin/../lib/gcc/arm-none-eabi/10.3.1/thumb/v7e-m+fp/hard/crtend.o
 .text          0x0000000000000000        0x0 c:/st/stm32cubeide_1.9.0/stm32cubeide/plugins/com.st.stm32cube.ide.mcu.externaltools.gnu-tools-for-stm32.10.3-2021.10.win32_1.0.0.202111181127/tools/bin/../lib/gcc/arm-none-eabi/10.3.1/thumb/v7e-m+fp/hard/crtn.o
 .data          0x0000000000000000        0x0 c:/st/stm32cubeide_1.9.0/stm32cubeide/plugins/com.st.stm32cube.ide.mcu.externaltools.gnu-tools-for-stm32.10.3-2021.10.win32_1.0.0.202111181127/tools/bin/../lib/gcc/arm-none-eabi/10.3.1/thumb/v7e-m+fp/hard/crtn.o
 .bss           0x0000000000000000        0x0 c:/st/stm32cubeide_1.9.0/stm32cubeide/plugins/com.st.stm32cube.ide.mcu.externaltools.gnu-tools-for-stm32.10.3-2021.10.win32_1.0.0.202111181127/tools/bin/../lib/gcc/arm-none-eabi/10.3.1/thumb/v7e-m+fp/hard/crtn.o

Memory Configuration

Name             Origin             Length             Attributes
RAM              0x0000000020000000 0x0000000000010000 xrw
FLASH            0x0000000008000000 0x0000000000040000 xr
*default*        0x0000000000000000 0xffffffffffffffff

Linker script and memory map

LOAD c:/st/stm32cubeide_1.9.0/stm32cubeide/plugins/com.st.stm32cube.ide.mcu.externaltools.gnu-tools-for-stm32.10.3-2021.10.win32_1.0.0.202111181127/tools/bin/../lib/gcc/arm-none-eabi/10.3.1/thumb/v7e-m+fp/hard/crti.o
LOAD c:/st/stm32cubeide_1.9.0/stm32cubeide/plugins/com.st.stm32cube.ide.mcu.externaltools.gnu-tools-for-stm32.10.3-2021.10.win32_1.0.0.202111181127/tools/bin/../lib/gcc/arm-none-eabi/10.3.1/thumb/v7e-m+fp/hard/crtbegin.o
LOAD c:/st/stm32cubeide_1.9.0/stm32cubeide/plugins/com.st.stm32cube.ide.mcu.externaltools.gnu-tools-for-stm32.10.3-2021.10.win32_1.0.0.202111181127/tools/bin/../lib/gcc/arm-none-eabi/10.3.1/../../../../arm-none-eabi/lib/thumb/v7e-m+fp/hard/crt0.o
LOAD ./Src/EXTI_program.o
LOAD ./Src/MGPIO_Program.o
LOAD ./Src/MRCC_Program.o
LOAD ./Src/MSTK_Program.o
LOAD ./Src/MUSART_Program.o
LOAD ./Src/NVIC_program.o
LOAD ./Src/main.o
LOAD ./Src/syscalls.o
LOAD ./Src/sysmem.o
LOAD ./Startup/startup_stm32f401ccfx.o
START GROUP
LOAD c:/st/stm32cubeide_1.9.0/stm32cubeide/plugins/com.st.stm32cube.ide.mcu.externaltools.gnu-tools-for-stm32.10.3-2021.10.win32_1.0.0.202111181127/tools/bin/../lib/gcc/arm-none-eabi/10.3.1/../../../../arm-none-eabi/lib/thumb/v7e-m+fp/hard\libc_nano.a
LOAD c:/st/stm32cubeide_1.9.0/stm32cubeide/plugins/com.st.stm32cube.ide.mcu.externaltools.gnu-tools-for-stm32.10.3-2021.10.win32_1.0.0.202111181127/tools/bin/../lib/gcc/arm-none-eabi/10.3.1/../../../../arm-none-eabi/lib/thumb/v7e-m+fp/hard\libm.a
END GROUP
START GROUP
LOAD c:/st/stm32cubeide_1.9.0/stm32cubeide/plugins/com.st.stm32cube.ide.mcu.externaltools.gnu-tools-for-stm32.10.3-2021.10.win32_1.0.0.202111181127/tools/bin/../lib/gcc/arm-none-eabi/10.3.1/thumb/v7e-m+fp/hard\libgcc.a
LOAD c:/st/stm32cubeide_1.9.0/stm32cubeide/plugins/com.st.stm32cube.ide.mcu.externaltools.gnu-tools-for-stm32.10.3-2021.10.win32_1.0.0.202111181127/tools/bin/../lib/gcc/arm-none-eabi/10.3.1/../../../../arm-none-eabi/lib/thumb/v7e-m+fp/hard\libc_nano.a
END GROUP
START GROUP
LOAD c:/st/stm32cubeide_1.9.0/stm32cubeide/plugins/com.st.stm32cube.ide.mcu.externaltools.gnu-tools-for-stm32.10.3-2021.10.win32_1.0.0.202111181127/tools/bin/../lib/gcc/arm-none-eabi/10.3.1/thumb/v7e-m+fp/hard\libgcc.a
LOAD c:/st/stm32cubeide_1.9.0/stm32cubeide/plugins/com.st.stm32cube.ide.mcu.externaltools.gnu-tools-for-stm32.10.3-2021.10.win32_1.0.0.202111181127/tools/bin/../lib/gcc/arm-none-eabi/10.3.1/../../../../arm-none-eabi/lib/thumb/v7e-m+fp/hard\libc_nano.a
LOAD c:/st/stm32cubeide_1.9.0/stm32cubeide/plugins/com.st.stm32cube.ide.mcu.externaltools.gnu-tools-for-stm32.10.3-2021.10.win32_1.0.0.202111181127/tools/bin/../lib/gcc/arm-none-eabi/10.3.1/../../../../arm-none-eabi/lib/thumb/v7e-m+fp/hard\libnosys.a
END GROUP
START GROUP
LOAD c:/st/stm32cubeide_1.9.0/stm32cubeide/plugins/com.st.stm32cube.ide.mcu.externaltools.gnu-tools-for-stm32.10.3-2021.10.win32_1.0.0.202111181127/tools/bin/../lib/gcc/arm-none-eabi/10.3.1/thumb/v7e-m+fp/hard\libgcc.a
LOAD c:/st/stm32cubeide_1.9.0/stm32cubeide/plugins/com.st.stm32cube.ide.mcu.externaltools.gnu-tools-for-stm32.10.3-2021.10.win32_1.0.0.202111181127/tools/bin/../lib/gcc/arm-none-eabi/10.3.1/../../../../arm-none-eabi/lib/thumb/v7e-m+fp/hard\libc_nano.a
LOAD c:/st/stm32cubeide_1.9.0/stm32cubeide/plugins/com.st.stm32cube.ide.mcu.externaltools.gnu-tools-for-stm32.10.3-2021.10.win32_1.0.0.202111181127/tools/bin/../lib/gcc/arm-none-eabi/10.3.1/../../../../arm-none-eabi/lib/thumb/v7e-m+fp/hard\libnosys.a
END GROUP
LOAD c:/st/stm32cubeide_1.9.0/stm32cubeide/plugins/com.st.stm32cube.ide.mcu.externaltools.gnu-tools-for-stm32.10.3-2021.10.win32_1.0.0.202111181127/tools/bin/../lib/gcc/arm-none-eabi/10.3.1/thumb/v7e-m+fp/hard/crtend.o
LOAD c:/st/stm32cubeide_1.9.0/stm32cubeide/plugins/com.st.stm32cube.ide.mcu.externaltools.gnu-tools-for-stm32.10.3-2021.10.win32_1.0.0.202111181127/tools/bin/../lib/gcc/arm-none-eabi/10.3.1/thumb/v7e-m+fp/hard/crtn.o
                0x0000000020010000                _estack = (ORIGIN (RAM) + LENGTH (RAM))
                0x0000000000000200                _Min_Heap_Size = 0x200
                0x0000000000000400                _Min_Stack_Size = 0x400

.isr_vector     0x0000000008000000      0x194
                0x0000000008000000                . = ALIGN (0x4)
 *(.isr_vector)
 .isr_vector    0x0000000008000000      0x194 ./Startup/startup_stm32f401ccfx.o
                0x0000000008000000                g_pfnVectors
                0x0000000008000194                . = ALIGN (0x4)

.text           0x0000000008000194      0x970
                0x0000000008000194                . = ALIGN (0x4)
 *(.text)
 .text          0x0000000008000194       0x40 c:/st/stm32cubeide_1.9.0/stm32cubeide/plugins/com.st.stm32cube.ide.mcu.externaltools.gnu-tools-for-stm32.10.3-2021.10.win32_1.0.0.202111181127/tools/bin/../lib/gcc/arm-none-eabi/10.3.1/thumb/v7e-m+fp/hard/crtbegin.o
 *(.text*)
 .text.MEXTI_vEnableLine
                0x00000000080001d4       0x2c ./Src/EXTI_program.o
                0x00000000080001d4                MEXTI_vEnableLine
 .text.MEXTI_vEventTriggerType
                0x0000000008000200       0xac ./Src/EXTI_program.o
                0x0000000008000200                MEXTI_vEventTriggerType
 .text.MEXTI_vSelectPort
                0x00000000080002ac      0x118 ./Src/EXTI_program.o
                0x00000000080002ac                MEXTI_vSelectPort
 .text.MEXTI_vSetCallBack
                0x00000000080003c4       0x28 ./Src/EXTI_program.o
                0x00000000080003c4                MEXTI_vSetCallBack
 .text.EXTI0_IRQHandler
                0x00000000080003ec       0x24 ./Src/EXTI_program.o
                0x00000000080003ec                EXTI0_IRQHandler
 .text.EXTI1_IRQHandler
                0x0000000008000410       0x24 ./Src/EXTI_program.o
                0x0000000008000410                EXTI1_IRQHandler
 .text.EXTI2_IRQHandler
                0x0000000008000434       0x24 ./Src/EXTI_program.o
                0x0000000008000434                EXTI2_IRQHandler
 .text.EXTI3_IRQHandler
                0x0000000008000458       0x24 ./Src/EXTI_program.o
                0x0000000008000458                EXTI3_IRQHandler
 .text.EXTI4_IRQHandler
                0x000000000800047c       0x24 ./Src/EXTI_program.o
                0x000000000800047c                EXTI4_IRQHandler
 .text.MGPIO_voidSetPinMode
                0x00000000080004a0       0xf0 ./Src/MGPIO_Program.o
                0x00000000080004a0                MGPIO_voidSetPinMode
 .text.MGPIO_voidSetPinAltFun
                0x0000000008000590       0xfc ./Src/MGPIO_Program.o
                0x0000000008000590                MGPIO_voidSetPinAltFun
 .text.MRCC_voidEnablePeripheralClock
                0x000000000800068c      0x10c ./Src/MRCC_Program.o
                0x000000000800068c                MRCC_voidEnablePeripheralClock
 .text.MRCC_voidInitSystemClk
                0x0000000008000798       0x3c ./Src/MRCC_Program.o
                0x0000000008000798                MRCC_voidInitSystemClk
 .text.MSTK_voidInit
                0x00000000080007d4       0x18 ./Src/MSTK_Program.o
                0x00000000080007d4                MSTK_voidInit
 .text.SysTick_Handler
                0x00000000080007ec       0x14 ./Src/MSTK_Program.o
                0x00000000080007ec                SysTick_Handler
 .text.MUSART_voidInit
                0x0000000008000800       0x70 ./Src/MUSART_Program.o
                0x0000000008000800                MUSART_voidInit
 .text.MUSART_voidSendData
                0x0000000008000870       0x50 ./Src/MUSART_Program.o
                0x0000000008000870                MUSART_voidSendData
 .text.MUSART_u8ReadDataSynch
                0x00000000080008c0       0x3c ./Src/MUSART_Program.o
                0x00000000080008c0                MUSART_u8ReadDataSynch
 .text.MUSART_voidEnable
                0x00000000080008fc       0x1c ./Src/MUSART_Program.o
                0x00000000080008fc                MUSART_voidEnable
 .text.USART1_IRQHandler
                0x0000000008000918       0x14 ./Src/MUSART_Program.o
                0x0000000008000918                USART1_IRQHandler
 .text.MNVIC_vEnableIRQ
                0x000000000800092c       0x3c ./Src/NVIC_program.o
                0x000000000800092c                MNVIC_vEnableIRQ
 .text.main     0x0000000008000968       0x80 ./Src/main.o
                0x0000000008000968                main
 .text.EXTI_Func
                0x00000000080009e8       0x68 ./Src/main.o
                0x00000000080009e8                EXTI_Func
 .text.Reset_Handler
                0x0000000008000a50       0x50 ./Startup/startup_stm32f401ccfx.o
                0x0000000008000a50                Reset_Handler
 .text.Default_Handler
                0x0000000008000aa0        0x2 ./Startup/startup_stm32f401ccfx.o
                0x0000000008000aa0                DebugMon_Handler
                0x0000000008000aa0                SPI4_IRQHandler
                0x0000000008000aa0                TIM1_CC_IRQHandler
                0x0000000008000aa0                HardFault_Handler
                0x0000000008000aa0                SDIO_IRQHandler
                0x0000000008000aa0                TAMP_STAMP_IRQHandler
                0x0000000008000aa0                PendSV_Handler
                0x0000000008000aa0                NMI_Handler
                0x0000000008000aa0                TIM1_UP_TIM10_IRQHandler
                0x0000000008000aa0                I2C3_ER_IRQHandler
                0x0000000008000aa0                EXTI18_OTG_FS_WKUP_IRQHandler
                0x0000000008000aa0                I2C2_EV_IRQHandler
                0x0000000008000aa0                FPU_IRQHandler
                0x0000000008000aa0                UsageFault_Handler
                0x0000000008000aa0                SPI1_IRQHandler
                0x0000000008000aa0                TIM1_BRK_TIM9_IRQHandler
                0x0000000008000aa0                USART6_IRQHandler
                0x0000000008000aa0                TIM4_IRQHandler
                0x0000000008000aa0                I2C1_EV_IRQHandler
                0x0000000008000aa0                TIM3_IRQHandler
                0x0000000008000aa0                RCC_IRQHandler
                0x0000000008000aa0                Default_Handler
                0x0000000008000aa0                EXTI15_10_IRQHandler
                0x0000000008000aa0                ADC_IRQHandler
                0x0000000008000aa0                TIM5_IRQHandler
                0x0000000008000aa0                I2C3_EV_IRQHandler
                0x0000000008000aa0                EXTI9_5_IRQHandler
                0x0000000008000aa0                SPI2_IRQHandler
                0x0000000008000aa0                MemManage_Handler
                0x0000000008000aa0                SVC_Handler
                0x0000000008000aa0                EXTI22_RTC_WKUP_IRQHandler
                0x0000000008000aa0                TIM2_IRQHandler
                0x0000000008000aa0                EXTI16_PVD_IRQHandler
                0x0000000008000aa0                TIM1_TRG_COM_TIM11_IRQHandler
                0x0000000008000aa0                EXTI17_RTC_Alarm_IRQHandler
                0x0000000008000aa0                USART2_IRQHandler
                0x0000000008000aa0                I2C2_ER_IRQHandler
                0x0000000008000aa0                FLASH_IRQHandler
                0x0000000008000aa0                BusFault_Handler
                0x0000000008000aa0                OTG_FS_IRQHandler
                0x0000000008000aa0                SPI3_IRQHandler
                0x0000000008000aa0                I2C1_ER_IRQHandler
 *fill*         0x0000000008000aa2        0x2 
 .text.__libc_init_array
                0x0000000008000aa4       0x48 c:/st/stm32cubeide_1.9.0/stm32cubeide/plugins/com.st.stm32cube.ide.mcu.externaltools.gnu-tools-for-stm32.10.3-2021.10.win32_1.0.0.202111181127/tools/bin/../lib/gcc/arm-none-eabi/10.3.1/../../../../arm-none-eabi/lib/thumb/v7e-m+fp/hard\libc_nano.a(lib_a-init.o)
                0x0000000008000aa4                __libc_init_array
 *(.glue_7)
 .glue_7        0x0000000008000aec        0x0 linker stubs
 *(.glue_7t)
 .glue_7t       0x0000000008000aec        0x0 linker stubs
 *(.eh_frame)
 .eh_frame      0x0000000008000aec        0x0 c:/st/stm32cubeide_1.9.0/stm32cubeide/plugins/com.st.stm32cube.ide.mcu.externaltools.gnu-tools-for-stm32.10.3-2021.10.win32_1.0.0.202111181127/tools/bin/../lib/gcc/arm-none-eabi/10.3.1/thumb/v7e-m+fp/hard/crtbegin.o
 *(.init)
 .init          0x0000000008000aec        0x4 c:/st/stm32cubeide_1.9.0/stm32cubeide/plugins/com.st.stm32cube.ide.mcu.externaltools.gnu-tools-for-stm32.10.3-2021.10.win32_1.0.0.202111181127/tools/bin/../lib/gcc/arm-none-eabi/10.3.1/thumb/v7e-m+fp/hard/crti.o
                0x0000000008000aec                _init
 .init          0x0000000008000af0        0x8 c:/st/stm32cubeide_1.9.0/stm32cubeide/plugins/com.st.stm32cube.ide.mcu.externaltools.gnu-tools-for-stm32.10.3-2021.10.win32_1.0.0.202111181127/tools/bin/../lib/gcc/arm-none-eabi/10.3.1/thumb/v7e-m+fp/hard/crtn.o
 *(.fini)
 .fini          0x0000000008000af8        0x4 c:/st/stm32cubeide_1.9.0/stm32cubeide/plugins/com.st.stm32cube.ide.mcu.externaltools.gnu-tools-for-stm32.10.3-2021.10.win32_1.0.0.202111181127/tools/bin/../lib/gcc/arm-none-eabi/10.3.1/thumb/v7e-m+fp/hard/crti.o
                0x0000000008000af8                _fini
 .fini          0x0000000008000afc        0x8 c:/st/stm32cubeide_1.9.0/stm32cubeide/plugins/com.st.stm32cube.ide.mcu.externaltools.gnu-tools-for-stm32.10.3-2021.10.win32_1.0.0.202111181127/tools/bin/../lib/gcc/arm-none-eabi/10.3.1/thumb/v7e-m+fp/hard/crtn.o
                0x0000000008000b04                . = ALIGN (0x4)
                0x0000000008000b04                _etext = .

.vfp11_veneer   0x0000000008000b04        0x0
 .vfp11_veneer  0x0000000008000b04        0x0 linker stubs

.v4_bx          0x0000000008000b04        0x0
 .v4_bx         0x0000000008000b04        0x0 linker stubs

.iplt           0x0000000008000b04        0x0
 .iplt          0x0000000008000b04        0x0 c:/st/stm32cubeide_1.9.0/stm32cubeide/plugins/com.st.stm32cube.ide.mcu.externaltools.gnu-tools-for-stm32.10.3-2021.10.win32_1.0.0.202111181127/tools/bin/../lib/gcc/arm-none-eabi/10.3.1/thumb/v7e-m+fp/hard/crtbegin.o

.rel.dyn        0x0000000008000b04        0x0
 .rel.iplt      0x0000000008000b04        0x0 c:/st/stm32cubeide_1.9.0/stm32cubeide/plugins/com.st.stm32cube.ide.mcu.externaltools.gnu-tools-for-stm32.10.3-2021.10.win32_1.0.0.202111181127/tools/bin/../lib/gcc/arm-none-eabi/10.3.1/thumb/v7e-m+fp/hard/crtbegin.o

.rodata         0x0000000008000b04        0x0
                0x0000000008000b04                . = ALIGN (0x4)
 *(.rodata)
 *(.rodata*)
                0x0000000008000b04                . = ALIGN (0x4)

.ARM.extab      0x0000000008000b04        0x0
                0x0000000008000b04                . = ALIGN (0x4)
 *(.ARM.extab* .gnu.linkonce.armextab.*)
                0x0000000008000b04                . = ALIGN (0x4)

.ARM            0x0000000008000b04        0x0
                0x0000000008000b04                . = ALIGN (0x4)
                0x0000000008000b04                __exidx_start = .
 *(.ARM.exidx*)
                0x0000000008000b04                __exidx_end = .
                0x0000000008000b04                . = ALIGN (0x4)

.preinit_array  0x0000000008000b04        0x0
                0x0000000008000b04                . = ALIGN (0x4)
                0x0000000008000b04                PROVIDE (__preinit_array_start = .)
 *(.preinit_array*)
                0x0000000008000b04                PROVIDE (__preinit_array_end = .)
                0x0000000008000b04                . = ALIGN (0x4)

.init_array     0x0000000008000b04        0x4
                0x0000000008000b04                . = ALIGN (0x4)
                0x0000000008000b04                PROVIDE (__init_array_start = .)
 *(SORT_BY_NAME(.init_array.*))
 *(.init_array*)
 .init_array    0x0000000008000b04        0x4 c:/st/stm32cubeide_1.9.0/stm32cubeide/plugins/com.st.stm32cube.ide.mcu.externaltools.gnu-tools-for-stm32.10.3-2021.10.win32_1.0.0.202111181127/tools/bin/../lib/gcc/arm-none-eabi/10.3.1/thumb/v7e-m+fp/hard/crtbegin.o
                0x0000000008000b08                PROVIDE (__init_array_end = .)
                0x0000000008000b08                . = ALIGN (0x4)

.fini_array     0x0000000008000b08        0x4
                0x0000000008000b08                . = ALIGN (0x4)
                [!provide]                        PROVIDE (__fini_array_start = .)
 *(SORT_BY_NAME(.fini_array.*))
 *(.fini_array*)
 .fini_array    0x0000000008000b08        0x4 c:/st/stm32cubeide_1.9.0/stm32cubeide/plugins/com.st.stm32cube.ide.mcu.externaltools.gnu-tools-for-stm32.10.3-2021.10.win32_1.0.0.202111181127/tools/bin/../lib/gcc/arm-none-eabi/10.3.1/thumb/v7e-m+fp/hard/crtbegin.o
                [!provide]                        PROVIDE (__fini_array_end = .)
                0x0000000008000b0c                . = ALIGN (0x4)
                0x0000000008000b0c                _sidata = LOADADDR (.data)

.data           0x0000000020000000     0x1708 load address 0x0000000008000b0c
                0x0000000020000000                . = ALIGN (0x4)
                0x0000000020000000                _sdata = .
 *(.data)
 *(.data*)
 .data.GLB_u16Data1
                0x0000000020000000     0x1708 ./Src/main.o
                0x0000000020000000                GLB_u16Data1
 *(.RamFunc)
 *(.RamFunc*)
                0x0000000020001708                . = ALIGN (0x4)
                0x0000000020001708                _edata = .

.igot.plt       0x0000000020001708        0x0 load address 0x0000000008002214
 .igot.plt      0x0000000020001708        0x0 c:/st/stm32cubeide_1.9.0/stm32cubeide/plugins/com.st.stm32cube.ide.mcu.externaltools.gnu-tools-for-stm32.10.3-2021.10.win32_1.0.0.202111181127/tools/bin/../lib/gcc/arm-none-eabi/10.3.1/thumb/v7e-m+fp/hard/crtbegin.o
                0x0000000020001708                . = ALIGN (0x4)

.bss            0x0000000020001708       0x68 load address 0x0000000008002214
                0x0000000020001708                _sbss = .
                0x0000000020001708                __bss_start__ = _sbss
 *(.bss)
 .bss           0x0000000020001708       0x1c c:/st/stm32cubeide_1.9.0/stm32cubeide/plugins/com.st.stm32cube.ide.mcu.externaltools.gnu-tools-for-stm32.10.3-2021.10.win32_1.0.0.202111181127/tools/bin/../lib/gcc/arm-none-eabi/10.3.1/thumb/v7e-m+fp/hard/crtbegin.o
 *(.bss*)
 .bss.EXTIx_CALLBACK
                0x0000000020001724       0x40 ./Src/EXTI_program.o
 .bss.MSTK_CallBack
                0x0000000020001764        0x4 ./Src/MSTK_Program.o
 .bss.MUSART_CALLPTR
                0x0000000020001768        0x4 ./Src/MUSART_Program.o
 .bss.data      0x000000002000176c        0x4 ./Src/main.o
                0x000000002000176c                data
 *(COMMON)
                0x0000000020001770                . = ALIGN (0x4)
                0x0000000020001770                _ebss = .
                0x0000000020001770                __bss_end__ = _ebss

._user_heap_stack
                0x0000000020001770      0x600 load address 0x0000000008002214
                0x0000000020001770                . = ALIGN (0x8)
                [!provide]                        PROVIDE (end = .)
                0x0000000020001770                PROVIDE (_end = .)
                0x0000000020001970                . = (. + _Min_Heap_Size)
 *fill*         0x0000000020001770      0x200 
                0x0000000020001d70                . = (. + _Min_Stack_Size)
 *fill*         0x0000000020001970      0x400 
                0x0000000020001d70                . = ALIGN (0x8)

/DISCARD/
 libc.a(*)
 libm.a(*)
 libgcc.a(*)

.ARM.attributes
                0x0000000000000000       0x30
 *(.ARM.attributes)
 .ARM.attributes
                0x0000000000000000       0x1e c:/st/stm32cubeide_1.9.0/stm32cubeide/plugins/com.st.stm32cube.ide.mcu.externaltools.gnu-tools-for-stm32.10.3-2021.10.win32_1.0.0.202111181127/tools/bin/../lib/gcc/arm-none-eabi/10.3.1/thumb/v7e-m+fp/hard/crti.o
 .ARM.attributes
                0x000000000000001e       0x34 c:/st/stm32cubeide_1.9.0/stm32cubeide/plugins/com.st.stm32cube.ide.mcu.externaltools.gnu-tools-for-stm32.10.3-2021.10.win32_1.0.0.202111181127/tools/bin/../lib/gcc/arm-none-eabi/10.3.1/thumb/v7e-m+fp/hard/crtbegin.o
 .ARM.attributes
                0x0000000000000052       0x34 ./Src/EXTI_program.o
 .ARM.attributes
                0x0000000000000086       0x34 ./Src/MGPIO_Program.o
 .ARM.attributes
                0x00000000000000ba       0x34 ./Src/MRCC_Program.o
 .ARM.attributes
                0x00000000000000ee       0x34 ./Src/MSTK_Program.o
 .ARM.attributes
                0x0000000000000122       0x34 ./Src/MUSART_Program.o
 .ARM.attributes
                0x0000000000000156       0x34 ./Src/NVIC_program.o
 .ARM.attributes
                0x000000000000018a       0x34 ./Src/main.o
 .ARM.attributes
                0x00000000000001be       0x21 ./Startup/startup_stm32f401ccfx.o
 .ARM.attributes
                0x00000000000001df       0x34 c:/st/stm32cubeide_1.9.0/stm32cubeide/plugins/com.st.stm32cube.ide.mcu.externaltools.gnu-tools-for-stm32.10.3-2021.10.win32_1.0.0.202111181127/tools/bin/../lib/gcc/arm-none-eabi/10.3.1/../../../../arm-none-eabi/lib/thumb/v7e-m+fp/hard\libc_nano.a(lib_a-init.o)
 .ARM.attributes
                0x0000000000000213       0x1e c:/st/stm32cubeide_1.9.0/stm32cubeide/plugins/com.st.stm32cube.ide.mcu.externaltools.gnu-tools-for-stm32.10.3-2021.10.win32_1.0.0.202111181127/tools/bin/../lib/gcc/arm-none-eabi/10.3.1/thumb/v7e-m+fp/hard/crtn.o
OUTPUT(Application_MC_1.elf elf32-littlearm)
LOAD linker stubs
LOAD c:/st/stm32cubeide_1.9.0/stm32cubeide/plugins/com.st.stm32cube.ide.mcu.externaltools.gnu-tools-for-stm32.10.3-2021.10.win32_1.0.0.202111181127/tools/bin/../lib/gcc/arm-none-eabi/10.3.1/../../../../arm-none-eabi/lib/thumb/v7e-m+fp/hard\libc.a
LOAD c:/st/stm32cubeide_1.9.0/stm32cubeide/plugins/com.st.stm32cube.ide.mcu.externaltools.gnu-tools-for-stm32.10.3-2021.10.win32_1.0.0.202111181127/tools/bin/../lib/gcc/arm-none-eabi/10.3.1/../../../../arm-none-eabi/lib/thumb/v7e-m+fp/hard\libm.a
LOAD c:/st/stm32cubeide_1.9.0/stm32cubeide/plugins/com.st.stm32cube.ide.mcu.externaltools.gnu-tools-for-stm32.10.3-2021.10.win32_1.0.0.202111181127/tools/bin/../lib/gcc/arm-none-eabi/10.3.1/thumb/v7e-m+fp/hard\libgcc.a

.debug_info     0x0000000000000000     0x16f5
 .debug_info    0x0000000000000000      0x4c0 ./Src/EXTI_program.o
 .debug_info    0x00000000000004c0      0x33a ./Src/MGPIO_Program.o
 .debug_info    0x00000000000007fa      0x13c ./Src/MRCC_Program.o
 .debug_info    0x0000000000000936      0x238 ./Src/MSTK_Program.o
 .debug_info    0x0000000000000b6e      0x332 ./Src/MUSART_Program.o
 .debug_info    0x0000000000000ea0      0x38c ./Src/NVIC_program.o
 .debug_info    0x000000000000122c      0x4a7 ./Src/main.o
 .debug_info    0x00000000000016d3       0x22 ./Startup/startup_stm32f401ccfx.o

.debug_abbrev   0x0000000000000000      0x836
 .debug_abbrev  0x0000000000000000      0x146 ./Src/EXTI_program.o
 .debug_abbrev  0x0000000000000146      0x11b ./Src/MGPIO_Program.o
 .debug_abbrev  0x0000000000000261       0xbd ./Src/MRCC_Program.o
 .debug_abbrev  0x000000000000031e      0x150 ./Src/MSTK_Program.o
 .debug_abbrev  0x000000000000046e      0x164 ./Src/MUSART_Program.o
 .debug_abbrev  0x00000000000005d2      0x10b ./Src/NVIC_program.o
 .debug_abbrev  0x00000000000006dd      0x147 ./Src/main.o
 .debug_abbrev  0x0000000000000824       0x12 ./Startup/startup_stm32f401ccfx.o

.debug_aranges  0x0000000000000000      0x2a8
 .debug_aranges
                0x0000000000000000       0xd0 ./Src/EXTI_program.o
 .debug_aranges
                0x00000000000000d0       0x58 ./Src/MGPIO_Program.o
 .debug_aranges
                0x0000000000000128       0x30 ./Src/MRCC_Program.o
 .debug_aranges
                0x0000000000000158       0x68 ./Src/MSTK_Program.o
 .debug_aranges
                0x00000000000001c0       0x58 ./Src/MUSART_Program.o
 .debug_aranges
                0x0000000000000218       0x40 ./Src/NVIC_program.o
 .debug_aranges
                0x0000000000000258       0x28 ./Src/main.o
 .debug_aranges
                0x0000000000000280       0x28 ./Startup/startup_stm32f401ccfx.o

.debug_ranges   0x0000000000000000      0x230
 .debug_ranges  0x0000000000000000       0xc0 ./Src/EXTI_program.o
 .debug_ranges  0x00000000000000c0       0x48 ./Src/MGPIO_Program.o
 .debug_ranges  0x0000000000000108       0x20 ./Src/MRCC_Program.o
 .debug_ranges  0x0000000000000128       0x58 ./Src/MSTK_Program.o
 .debug_ranges  0x0000000000000180       0x48 ./Src/MUSART_Program.o
 .debug_ranges  0x00000000000001c8       0x30 ./Src/NVIC_program.o
 .debug_ranges  0x00000000000001f8       0x18 ./Src/main.o
 .debug_ranges  0x0000000000000210       0x20 ./Startup/startup_stm32f401ccfx.o

.debug_macro    0x0000000000000000     0x11bb
 .debug_macro   0x0000000000000000       0x4f ./Src/EXTI_program.o
 .debug_macro   0x000000000000004f      0xa7e ./Src/EXTI_program.o
 .debug_macro   0x0000000000000acd       0x34 ./Src/EXTI_program.o
 .debug_macro   0x0000000000000b01       0x1c ./Src/EXTI_program.o
 .debug_macro   0x0000000000000b1d       0x16 ./Src/EXTI_program.o
 .debug_macro   0x0000000000000b33       0x16 ./Src/EXTI_program.o
 .debug_macro   0x0000000000000b49       0x55 ./Src/MGPIO_Program.o
 .debug_macro   0x0000000000000b9e      0x1cd ./Src/MGPIO_Program.o
 .debug_macro   0x0000000000000d6b      0x142 ./Src/MGPIO_Program.o
 .debug_macro   0x0000000000000ead       0x3e ./Src/MRCC_Program.o
 .debug_macro   0x0000000000000eeb       0xb8 ./Src/MRCC_Program.o
 .debug_macro   0x0000000000000fa3       0x22 ./Src/MRCC_Program.o
 .debug_macro   0x0000000000000fc5       0x52 ./Src/MRCC_Program.o
 .debug_macro   0x0000000000001017       0x3f ./Src/MSTK_Program.o
 .debug_macro   0x0000000000001056       0x16 ./Src/MSTK_Program.o
 .debug_macro   0x000000000000106c       0x1c ./Src/MSTK_Program.o
 .debug_macro   0x0000000000001088       0x40 ./Src/MUSART_Program.o
 .debug_macro   0x00000000000010c8       0x16 ./Src/MUSART_Program.o
 .debug_macro   0x00000000000010de       0x40 ./Src/NVIC_program.o
 .debug_macro   0x000000000000111e       0x16 ./Src/NVIC_program.o
 .debug_macro   0x0000000000001134       0x87 ./Src/main.o

.debug_line     0x0000000000000000     0x111a
 .debug_line    0x0000000000000000      0x3e5 ./Src/EXTI_program.o
 .debug_line    0x00000000000003e5      0x542 ./Src/MGPIO_Program.o
 .debug_line    0x0000000000000927      0x129 ./Src/MRCC_Program.o
 .debug_line    0x0000000000000a50      0x1ee ./Src/MSTK_Program.o
 .debug_line    0x0000000000000c3e      0x1d9 ./Src/MUSART_Program.o
 .debug_line    0x0000000000000e17      0x10a ./Src/NVIC_program.o
 .debug_line    0x0000000000000f21      0x175 ./Src/main.o
 .debug_line    0x0000000000001096       0x84 ./Startup/startup_stm32f401ccfx.o

.debug_str      0x0000000000000000     0x5913
 .debug_str     0x0000000000000000     0x32fa ./Src/EXTI_program.o
                                       0x3359 (size before relaxing)
 .debug_str     0x00000000000032fa     0x1577 ./Src/MGPIO_Program.o
                                       0x4415 (size before relaxing)
 .debug_str     0x0000000000004871      0x7d1 ./Src/MRCC_Program.o
                                       0x366f (size before relaxing)
 .debug_str     0x0000000000005042      0x206 ./Src/MSTK_Program.o
                                       0x30a4 (size before relaxing)
 .debug_str     0x0000000000005248      0x1e3 ./Src/MUSART_Program.o
                                       0x3086 (size before relaxing)
 .debug_str     0x000000000000542b      0x47a ./Src/NVIC_program.o
                                       0x3325 (size before relaxing)
 .debug_str     0x00000000000058a5       0x3d ./Src/main.o
                                       0x4a89 (size before relaxing)
 .debug_str     0x00000000000058e2       0x31 ./Startup/startup_stm32f401ccfx.o
                                         0x74 (size before relaxing)

.comment        0x0000000000000000       0x50
 .comment       0x0000000000000000       0x50 ./Src/EXTI_program.o
                                         0x51 (size before relaxing)
 .comment       0x0000000000000050       0x51 ./Src/MGPIO_Program.o
 .comment       0x0000000000000050       0x51 ./Src/MRCC_Program.o
 .comment       0x0000000000000050       0x51 ./Src/MSTK_Program.o
 .comment       0x0000000000000050       0x51 ./Src/MUSART_Program.o
 .comment       0x0000000000000050       0x51 ./Src/NVIC_program.o
 .comment       0x0000000000000050       0x51 ./Src/main.o

.debug_frame    0x0000000000000000      0x8ac
 .debug_frame   0x0000000000000000      0x2e8 ./Src/EXTI_program.o
 .debug_frame   0x00000000000002e8      0x150 ./Src/MGPIO_Program.o
 .debug_frame   0x0000000000000438       0x80 ./Src/MRCC_Program.o
 .debug_frame   0x00000000000004b8      0x17c ./Src/MSTK_Program.o
 .debug_frame   0x0000000000000634      0x124 ./Src/MUSART_Program.o
 .debug_frame   0x0000000000000758       0xd8 ./Src/NVIC_program.o
 .debug_frame   0x0000000000000830       0x50 ./Src/main.o
 .debug_frame   0x0000000000000880       0x2c c:/st/stm32cubeide_1.9.0/stm32cubeide/plugins/com.st.stm32cube.ide.mcu.externaltools.gnu-tools-for-stm32.10.3-2021.10.win32_1.0.0.202111181127/tools/bin/../lib/gcc/arm-none-eabi/10.3.1/../../../../arm-none-eabi/lib/thumb/v7e-m+fp/hard\libc_nano.a(lib_a-init.o)
