Archive member included to satisfy reference by file (symbol)

c:/st/stm32cubeide_1.9.0/stm32cubeide/plugins/com.st.stm32cube.ide.mcu.externaltools.gnu-tools-for-stm32.10.3-2021.10.win32_1.0.0.202111181127/tools/bin/../lib/gcc/arm-none-eabi/10.3.1/../../../../arm-none-eabi/lib/thumb/v7e-m+fp/hard\libc_nano.a(lib_a-errno.o)
                              ./Src/syscalls.o (__errno)
c:/st/stm32cubeide_1.9.0/stm32cubeide/plugins/com.st.stm32cube.ide.mcu.externaltools.gnu-tools-for-stm32.10.3-2021.10.win32_1.0.0.202111181127/tools/bin/../lib/gcc/arm-none-eabi/10.3.1/../../../../arm-none-eabi/lib/thumb/v7e-m+fp/hard\libc_nano.a(lib_a-exit.o)
                              c:/st/stm32cubeide_1.9.0/stm32cubeide/plugins/com.st.stm32cube.ide.mcu.externaltools.gnu-tools-for-stm32.10.3-2021.10.win32_1.0.0.202111181127/tools/bin/../lib/gcc/arm-none-eabi/10.3.1/../../../../arm-none-eabi/lib/thumb/v7e-m+fp/hard/crt0.o (exit)
c:/st/stm32cubeide_1.9.0/stm32cubeide/plugins/com.st.stm32cube.ide.mcu.externaltools.gnu-tools-for-stm32.10.3-2021.10.win32_1.0.0.202111181127/tools/bin/../lib/gcc/arm-none-eabi/10.3.1/../../../../arm-none-eabi/lib/thumb/v7e-m+fp/hard\libc_nano.a(lib_a-impure.o)
                              c:/st/stm32cubeide_1.9.0/stm32cubeide/plugins/com.st.stm32cube.ide.mcu.externaltools.gnu-tools-for-stm32.10.3-2021.10.win32_1.0.0.202111181127/tools/bin/../lib/gcc/arm-none-eabi/10.3.1/../../../../arm-none-eabi/lib/thumb/v7e-m+fp/hard\libc_nano.a(lib_a-exit.o) (_global_impure_ptr)
c:/st/stm32cubeide_1.9.0/stm32cubeide/plugins/com.st.stm32cube.ide.mcu.externaltools.gnu-tools-for-stm32.10.3-2021.10.win32_1.0.0.202111181127/tools/bin/../lib/gcc/arm-none-eabi/10.3.1/../../../../arm-none-eabi/lib/thumb/v7e-m+fp/hard\libc_nano.a(lib_a-init.o)
                              c:/st/stm32cubeide_1.9.0/stm32cubeide/plugins/com.st.stm32cube.ide.mcu.externaltools.gnu-tools-for-stm32.10.3-2021.10.win32_1.0.0.202111181127/tools/bin/../lib/gcc/arm-none-eabi/10.3.1/../../../../arm-none-eabi/lib/thumb/v7e-m+fp/hard/crt0.o (__libc_init_array)
c:/st/stm32cubeide_1.9.0/stm32cubeide/plugins/com.st.stm32cube.ide.mcu.externaltools.gnu-tools-for-stm32.10.3-2021.10.win32_1.0.0.202111181127/tools/bin/../lib/gcc/arm-none-eabi/10.3.1/../../../../arm-none-eabi/lib/thumb/v7e-m+fp/hard\libc_nano.a(lib_a-memset.o)
                              c:/st/stm32cubeide_1.9.0/stm32cubeide/plugins/com.st.stm32cube.ide.mcu.externaltools.gnu-tools-for-stm32.10.3-2021.10.win32_1.0.0.202111181127/tools/bin/../lib/gcc/arm-none-eabi/10.3.1/../../../../arm-none-eabi/lib/thumb/v7e-m+fp/hard/crt0.o (memset)

Discarded input sections

 .text          0x0000000000000000        0x0 c:/st/stm32cubeide_1.9.0/stm32cubeide/plugins/com.st.stm32cube.ide.mcu.externaltools.gnu-tools-for-stm32.10.3-2021.10.win32_1.0.0.202111181127/tools/bin/../lib/gcc/arm-none-eabi/10.3.1/thumb/v7e-m+fp/hard/crti.o
 .data          0x0000000000000000        0x0 c:/st/stm32cubeide_1.9.0/stm32cubeide/plugins/com.st.stm32cube.ide.mcu.externaltools.gnu-tools-for-stm32.10.3-2021.10.win32_1.0.0.202111181127/tools/bin/../lib/gcc/arm-none-eabi/10.3.1/thumb/v7e-m+fp/hard/crti.o
 .bss           0x0000000000000000        0x0 c:/st/stm32cubeide_1.9.0/stm32cubeide/plugins/com.st.stm32cube.ide.mcu.externaltools.gnu-tools-for-stm32.10.3-2021.10.win32_1.0.0.202111181127/tools/bin/../lib/gcc/arm-none-eabi/10.3.1/thumb/v7e-m+fp/hard/crti.o
 .data          0x0000000000000000        0x4 c:/st/stm32cubeide_1.9.0/stm32cubeide/plugins/com.st.stm32cube.ide.mcu.externaltools.gnu-tools-for-stm32.10.3-2021.10.win32_1.0.0.202111181127/tools/bin/../lib/gcc/arm-none-eabi/10.3.1/thumb/v7e-m+fp/hard/crtbegin.o
 .rodata        0x0000000000000000       0x24 c:/st/stm32cubeide_1.9.0/stm32cubeide/plugins/com.st.stm32cube.ide.mcu.externaltools.gnu-tools-for-stm32.10.3-2021.10.win32_1.0.0.202111181127/tools/bin/../lib/gcc/arm-none-eabi/10.3.1/thumb/v7e-m+fp/hard/crtbegin.o
 .text          0x0000000000000000       0x7c c:/st/stm32cubeide_1.9.0/stm32cubeide/plugins/com.st.stm32cube.ide.mcu.externaltools.gnu-tools-for-stm32.10.3-2021.10.win32_1.0.0.202111181127/tools/bin/../lib/gcc/arm-none-eabi/10.3.1/../../../../arm-none-eabi/lib/thumb/v7e-m+fp/hard/crt0.o
 .data          0x0000000000000000        0x0 c:/st/stm32cubeide_1.9.0/stm32cubeide/plugins/com.st.stm32cube.ide.mcu.externaltools.gnu-tools-for-stm32.10.3-2021.10.win32_1.0.0.202111181127/tools/bin/../lib/gcc/arm-none-eabi/10.3.1/../../../../arm-none-eabi/lib/thumb/v7e-m+fp/hard/crt0.o
 .bss           0x0000000000000000        0x0 c:/st/stm32cubeide_1.9.0/stm32cubeide/plugins/com.st.stm32cube.ide.mcu.externaltools.gnu-tools-for-stm32.10.3-2021.10.win32_1.0.0.202111181127/tools/bin/../lib/gcc/arm-none-eabi/10.3.1/../../../../arm-none-eabi/lib/thumb/v7e-m+fp/hard/crt0.o
[...]
Memory Configuration

Name             Origin             Length             Attributes
RAM              0x0000000020000000 0x0000000000018000 xrw
FLASH            0x0000000008000000 0x0000000000080000 xr
*default*        0x0000000000000000 0xffffffffffffffff

Linker script and memory map

LOAD c:/st/stm32cubeide_1.9.0/stm32cubeide/plugins/com.st.stm32cube.ide.mcu.externaltools.gnu-tools-for-stm32.10.3-2021.10.win32_1.0.0.202111181127/tools/bin/../lib/gcc/arm-none-eabi/10.3.1/thumb/v7e-m+fp/hard/crti.o
LOAD c:/st/stm32cubeide_1.9.0/stm32cubeide/plugins/com.st.stm32cube.ide.mcu.externaltools.gnu-tools-for-stm32.10.3-2021.10.win32_1.0.0.202111181127/tools/bin/../lib/gcc/arm-none-eabi/10.3.1/thumb/v7e-m+fp/hard/crtbegin.o
LOAD c:/st/stm32cubeide_1.9.0/stm32cubeide/plugins/com.st.stm32cube.ide.mcu.externaltools.gnu-tools-for-stm32.10.3-2021.10.win32_1.0.0.202111181127/tools/bin/../lib/gcc/arm-none-eabi/10.3.1/../../../../arm-none-eabi/lib/thumb/v7e-m+fp/hard/crt0.o
LOAD ./Src/Src_APP/Debug/APP_Debug.o
LOAD ./Src/Src_APP/Utility/Utility_Delay/DELAY_UNIT.o
LOAD ./Src/Src_HAL/Keypad/HAL_Keypad.o
LOAD ./Src/Src_HAL/LCD/HAL_LCD.o
LOAD ./Src/Src_HAL/LED/HAL_LED.o
LOAD ./Src/Src_HAL/TFT/HAL_TFT.o
LOAD ./Src/Src_MCAL/EXTI_AM/EXTI_prog.o
LOAD ./Src/Src_MCAL/EXTIx/MCAL_EXTI.o
LOAD ./Src/Src_MCAL/GPIO/MCAL_GPIO.o
LOAD ./Src/Src_MCAL/NVIC/MCAL_NVIC.o
LOAD ./Src/Src_MCAL/RCC/MCAL_RCC.o
LOAD ./Src/Src_MCAL/SPI/MCAL_SPI.o
LOAD ./Src/Src_MCAL/SYSTIK/MCAL_SYSTIK.o
LOAD ./Src/main.o
LOAD ./Src/syscalls.o
LOAD ./Src/sysmem.o
LOAD ./Startup/startup_stm32f401vetx.o
START GROUP
LOAD c:/st/stm32cubeide_1.9.0/stm32cubeide/plugins/com.st.stm32cube.ide.mcu.externaltools.gnu-tools-for-stm32.10.3-2021.10.win32_1.0.0.202111181127/tools/bin/../lib/gcc/arm-none-eabi/10.3.1/../../../../arm-none-eabi/lib/thumb/v7e-m+fp/hard\libc_nano.a
LOAD c:/st/stm32cubeide_1.9.0/stm32cubeide/plugins/com.st.stm32cube.ide.mcu.externaltools.gnu-tools-for-stm32.10.3-2021.10.win32_1.0.0.202111181127/tools/bin/../lib/gcc/arm-none-eabi/10.3.1/../../../../arm-none-eabi/lib/thumb/v7e-m+fp/hard\libm.a
END GROUP
START GROUP
LOAD c:/st/stm32cubeide_1.9.0/stm32cubeide/plugins/com.st.stm32cube.ide.mcu.externaltools.gnu-tools-for-stm32.10.3-2021.10.win32_1.0.0.202111181127/tools/bin/../lib/gcc/arm-none-eabi/10.3.1/thumb/v7e-m+fp/hard\libgcc.a
LOAD c:/st/stm32cubeide_1.9.0/stm32cubeide/plugins/com.st.stm32cube.ide.mcu.externaltools.gnu-tools-for-stm32.10.3-2021.10.win32_1.0.0.202111181127/tools/bin/../lib/gcc/arm-none-eabi/10.3.1/../../../../arm-none-eabi/lib/thumb/v7e-m+fp/hard\libc_nano.a
END GROUP
START GROUP
LOAD c:/st/stm32cubeide_1.9.0/stm32cubeide/plugins/com.st.stm32cube.ide.mcu.externaltools.gnu-tools-for-stm32.10.3-2021.10.win32_1.0.0.202111181127/tools/bin/../lib/gcc/arm-none-eabi/10.3.1/thumb/v7e-m+fp/hard\libgcc.a
LOAD c:/st/stm32cubeide_1.9.0/stm32cubeide/plugins/com.st.stm32cube.ide.mcu.externaltools.gnu-tools-for-stm32.10.3-2021.10.win32_1.0.0.202111181127/tools/bin/../lib/gcc/arm-none-eabi/10.3.1/../../../../arm-none-eabi/lib/thumb/v7e-m+fp/hard\libc_nano.a
LOAD c:/st/stm32cubeide_1.9.0/stm32cubeide/plugins/com.st.stm32cube.ide.mcu.externaltools.gnu-tools-for-stm32.10.3-2021.10.win32_1.0.0.202111181127/tools/bin/../lib/gcc/arm-none-eabi/10.3.1/../../../../arm-none-eabi/lib/thumb/v7e-m+fp/hard\libnosys.a
END GROUP
START GROUP
LOAD c:/st/stm32cubeide_1.9.0/stm32cubeide/plugins/com.st.stm32cube.ide.mcu.externaltools.gnu-tools-for-stm32.10.3-2021.10.win32_1.0.0.202111181127/tools/bin/../lib/gcc/arm-none-eabi/10.3.1/thumb/v7e-m+fp/hard\libgcc.a
LOAD c:/st/stm32cubeide_1.9.0/stm32cubeide/plugins/com.st.stm32cube.ide.mcu.externaltools.gnu-tools-for-stm32.10.3-2021.10.win32_1.0.0.202111181127/tools/bin/../lib/gcc/arm-none-eabi/10.3.1/../../../../arm-none-eabi/lib/thumb/v7e-m+fp/hard\libc_nano.a
LOAD c:/st/stm32cubeide_1.9.0/stm32cubeide/plugins/com.st.stm32cube.ide.mcu.externaltools.gnu-tools-for-stm32.10.3-2021.10.win32_1.0.0.202111181127/tools/bin/../lib/gcc/arm-none-eabi/10.3.1/../../../../arm-none-eabi/lib/thumb/v7e-m+fp/hard\libnosys.a
END GROUP
LOAD c:/st/stm32cubeide_1.9.0/stm32cubeide/plugins/com.st.stm32cube.ide.mcu.externaltools.gnu-tools-for-stm32.10.3-2021.10.win32_1.0.0.202111181127/tools/bin/../lib/gcc/arm-none-eabi/10.3.1/thumb/v7e-m+fp/hard/crtend.o
LOAD c:/st/stm32cubeide_1.9.0/stm32cubeide/plugins/com.st.stm32cube.ide.mcu.externaltools.gnu-tools-for-stm32.10.3-2021.10.win32_1.0.0.202111181127/tools/bin/../lib/gcc/arm-none-eabi/10.3.1/thumb/v7e-m+fp/hard/crtn.o
                0x0000000020018000                _estack = (ORIGIN (RAM) + LENGTH (RAM))
                0x0000000000000200                _Min_Heap_Size = 0x200
                0x0000000000000400                _Min_Stack_Size = 0x400

.isr_vector     0x0000000008000000      0x194
                0x0000000008000000                . = ALIGN (0x4)
 *(.isr_vector)
 .isr_vector    0x0000000008000000      0x194 ./Startup/startup_stm32f401vetx.o
                0x0000000008000000                g_pfnVectors
                0x0000000008000194                . = ALIGN (0x4)

.text           0x0000000008000194     0x1d38
                0x0000000008000194                . = ALIGN (0x4)
 *(.text)
 .text          0x0000000008000194       0x40 c:/st/stm32cubeide_1.9.0/stm32cubeide/plugins/com.st.stm32cube.ide.mcu.externaltools.gnu-tools-for-stm32.10.3-2021.10.win32_1.0.0.202111181127/tools/bin/../lib/gcc/arm-none-eabi/10.3.1/thumb/v7e-m+fp/hard/crtbegin.o
 *(.text*)
 .text.Delay_vMilliSecond16MHzoscillator
                0x00000000080001d4       0x56 ./Src/Src_APP/Utility/Utility_Delay/DELAY_UNIT.o
                0x00000000080001d4                Delay_vMilliSecond16MHzoscillator
 .text.HKEYPAD_vInitiate
                0x000000000800022a      0x108 ./Src/Src_HAL/Keypad/HAL_Keypad.o
                0x000000000800022a                HKEYPAD_vInitiate
 *fill*         0x0000000008000332        0x2 
 .text.HKEYPAD_U8READ
                0x0000000008000334       0xc0 ./Src/Src_HAL/Keypad/HAL_Keypad.o
                0x0000000008000334                HKEYPAD_U8READ
 .text.HLCD_vInitiate
                0x00000000080003f4      0x19c ./Src/Src_HAL/LCD/HAL_LCD.o
                0x00000000080003f4                HLCD_vInitiate
 .text.HLCD_vWriteCommand
                0x0000000008000590       0xec ./Src/Src_HAL/LCD/HAL_LCD.o
                0x0000000008000590                HLCD_vWriteCommand
 .text.HLCD_vClearScreen
                0x000000000800067c        0xe ./Src/Src_HAL/LCD/HAL_LCD.o
                0x000000000800067c                HLCD_vClearScreen
 *fill*         0x000000000800068a        0x2 
 .text.HLCD_vGoTo
                0x000000000800068c       0x38 ./Src/Src_HAL/LCD/HAL_LCD.o
                0x000000000800068c                HLCD_vGoTo
 .text.HLCD_vWriteCharacter
                0x00000000080006c4       0xec ./Src/Src_HAL/LCD/HAL_LCD.o
                0x00000000080006c4                HLCD_vWriteCharacter
 .text.HLCD_vWriteString
                0x00000000080007b0       0x38 ./Src/Src_HAL/LCD/HAL_LCD.o
                0x00000000080007b0                HLCD_vWriteString
 .text.HTFT_vWrite_Command
                0x00000000080007e8       0x26 ./Src/Src_HAL/TFT/HAL_TFT.o
                0x00000000080007e8                HTFT_vWrite_Command
 .text.HTFT_vWrite_Data
                0x000000000800080e       0x24 ./Src/Src_HAL/TFT/HAL_TFT.o
                0x000000000800080e                HTFT_vWrite_Data
 *fill*         0x0000000008000832        0x2 
 .text.HTFT_vInit
                0x0000000008000834      0x10c ./Src/Src_HAL/TFT/HAL_TFT.o
                0x0000000008000834                HTFT_vInit
 .text.HTFT_vSetCursorPosition
                0x0000000008000940       0x92 ./Src/Src_HAL/TFT/HAL_TFT.o
                0x0000000008000940                HTFT_vSetCursorPosition
 .text.HTFT_vDrawPic
                0x00000000080009d2       0x8e ./Src/Src_HAL/TFT/HAL_TFT.o
                0x00000000080009d2                HTFT_vDrawPic
 .text.EXTI0_IRQHandler
                0x0000000008000a60       0x24 ./Src/Src_MCAL/EXTI_AM/EXTI_prog.o
                0x0000000008000a60                EXTI0_IRQHandler
 .text.EXTI1_IRQHandler
                0x0000000008000a84       0x24 ./Src/Src_MCAL/EXTI_AM/EXTI_prog.o
                0x0000000008000a84                EXTI1_IRQHandler
 .text.MGPIO_vSetPinMode
                0x0000000008000aa8       0xf0 ./Src/Src_MCAL/GPIO/MCAL_GPIO.o
                0x0000000008000aa8                MGPIO_vSetPinMode
 .text.MGPIO_vSetPinOutputType
                0x0000000008000b98       0xe4 ./Src/Src_MCAL/GPIO/MCAL_GPIO.o
                0x0000000008000b98                MGPIO_vSetPinOutputType
 .text.MGPIO_vSetPinOutputSpeed
                0x0000000008000c7c       0xf0 ./Src/Src_MCAL/GPIO/MCAL_GPIO.o
                0x0000000008000c7c                MGPIO_vSetPinOutputSpeed
 .text.MGPIO_vSetPinPullType
                0x0000000008000d6c       0xf0 ./Src/Src_MCAL/GPIO/MCAL_GPIO.o
                0x0000000008000d6c                MGPIO_vSetPinPullType
 .text.MGPIO_U8ReadPinData
                0x0000000008000e5c       0xd8 ./Src/Src_MCAL/GPIO/MCAL_GPIO.o
                0x0000000008000e5c                MGPIO_U8ReadPinData
 .text.MGPIO_vWritePinData
                0x0000000008000f34      0x1a8 ./Src/Src_MCAL/GPIO/MCAL_GPIO.o
                0x0000000008000f34                MGPIO_vWritePinData
 .text.MGPIO_vSetPinAltFun
                0x00000000080010dc      0x1b8 ./Src/Src_MCAL/GPIO/MCAL_GPIO.o
                0x00000000080010dc                MGPIO_vSetPinAltFun
 .text.MRCC_vInitSystemClock
                0x0000000008001294       0x5c ./Src/Src_MCAL/RCC/MCAL_RCC.o
                0x0000000008001294                MRCC_vInitSystemClock
 .text.MRCC_vEnableBusClock
                0x00000000080012f0       0x98 ./Src/Src_MCAL/RCC/MCAL_RCC.o
                0x00000000080012f0                MRCC_vEnableBusClock
 .text.MSPI_vInit
                0x0000000008001388       0xb8 ./Src/Src_MCAL/SPI/MCAL_SPI.o
                0x0000000008001388                MSPI_vInit
 .text.MSPI_vEnable
                0x0000000008001440       0x6c ./Src/Src_MCAL/SPI/MCAL_SPI.o
                0x0000000008001440                MSPI_vEnable
 .text.MSPI1_u16TrasRes
                0x00000000080014ac       0x4c ./Src/Src_MCAL/SPI/MCAL_SPI.o
                0x00000000080014ac                MSPI1_u16TrasRes
 .text.SPI1_IRQHandler
                0x00000000080014f8       0x14 ./Src/Src_MCAL/SPI/MCAL_SPI.o
                0x00000000080014f8                SPI1_IRQHandler
 .text.MSTK_Init
                0x000000000800150c       0x50 ./Src/Src_MCAL/SYSTIK/MCAL_SYSTIK.o
                0x000000000800150c                MSTK_Init
 .text.MSTK_DelayMs
                0x000000000800155c       0x58 ./Src/Src_MCAL/SYSTIK/MCAL_SYSTIK.o
                0x000000000800155c                MSTK_DelayMs
 .text.SysTick_Handler
                0x00000000080015b4       0xb4 ./Src/Src_MCAL/SYSTIK/MCAL_SYSTIK.o
                0x00000000080015b4                SysTick_Handler
 .text.main     0x0000000008001668      0x168 ./Src/main.o
                0x0000000008001668                main
 .text.GetPasswordFromUser
                0x00000000080017d0      0x124 ./Src/main.o
                0x00000000080017d0                GetPasswordFromUser
 .text.StringCompare
                0x00000000080018f4       0x52 ./Src/main.o
                0x00000000080018f4                StringCompare
 .text.BuzzerSound
                0x0000000008001946       0x22 ./Src/main.o
                0x0000000008001946                BuzzerSound
 .text.DefineUserCommand
                0x0000000008001968      0x4b0 ./Src/main.o
                0x0000000008001968                DefineUserCommand
 .text.Reset_Handler
                0x0000000008001e18       0x50 ./Startup/startup_stm32f401vetx.o
                0x0000000008001e18                Reset_Handler
 .text.Default_Handler
                0x0000000008001e68        0x2 ./Startup/startup_stm32f401vetx.o
                0x0000000008001e68                EXTI2_IRQHandler
                0x0000000008001e68                DebugMon_Handler
                0x0000000008001e68                SPI4_IRQHandler
                0x0000000008001e68                TIM1_CC_IRQHandler
                0x0000000008001e68                HardFault_Handler
                0x0000000008001e68                SDIO_IRQHandler
                0x0000000008001e68                TAMP_STAMP_IRQHandler
                0x0000000008001e68                PendSV_Handler
                0x0000000008001e68                NMI_Handler
                0x0000000008001e68                EXTI3_IRQHandler
                0x0000000008001e68                TIM1_UP_TIM10_IRQHandler
                0x0000000008001e68                I2C3_ER_IRQHandler
                0x0000000008001e68                EXTI18_OTG_FS_WKUP_IRQHandler
                0x0000000008001e68                I2C2_EV_IRQHandler
                0x0000000008001e68                FPU_IRQHandler
                0x0000000008001e68                UsageFault_Handler
                0x0000000008001e68                TIM1_BRK_TIM9_IRQHandler
                0x0000000008001e68                USART6_IRQHandler
                0x0000000008001e68                TIM4_IRQHandler
                0x0000000008001e68                I2C1_EV_IRQHandler
                0x0000000008001e68                TIM3_IRQHandler
                0x0000000008001e68                RCC_IRQHandler
                0x0000000008001e68                Default_Handler
                0x0000000008001e68                EXTI15_10_IRQHandler
                0x0000000008001e68                ADC_IRQHandler
                0x0000000008001e68                TIM5_IRQHandler
                0x0000000008001e68                I2C3_EV_IRQHandler
                0x0000000008001e68                EXTI9_5_IRQHandler
                0x0000000008001e68                SPI2_IRQHandler
                0x0000000008001e68                MemManage_Handler
                0x0000000008001e68                SVC_Handler
                0x0000000008001e68                EXTI4_IRQHandler
                0x0000000008001e68                EXTI22_RTC_WKUP_IRQHandler
                0x0000000008001e68                TIM2_IRQHandler
                0x0000000008001e68                EXTI16_PVD_IRQHandler
                0x0000000008001e68                TIM1_TRG_COM_TIM11_IRQHandler
                0x0000000008001e68                EXTI17_RTC_Alarm_IRQHandler
                0x0000000008001e68                USART2_IRQHandler
                0x0000000008001e68                I2C2_ER_IRQHandler
                0x0000000008001e68                FLASH_IRQHandler
                0x0000000008001e68                BusFault_Handler
                0x0000000008001e68                USART1_IRQHandler
                0x0000000008001e68                OTG_FS_IRQHandler
                0x0000000008001e68                SPI3_IRQHandler
                0x0000000008001e68                I2C1_ER_IRQHandler
 *fill*         0x0000000008001e6a        0x2 
 .text.__libc_init_array
                0x0000000008001e6c       0x48 c:/st/stm32cubeide_1.9.0/stm32cubeide/plugins/com.st.stm32cube.ide.mcu.externaltools.gnu-tools-for-stm32.10.3-2021.10.win32_1.0.0.202111181127/tools/bin/../lib/gcc/arm-none-eabi/10.3.1/../../../../arm-none-eabi/lib/thumb/v7e-m+fp/hard\libc_nano.a(lib_a-init.o)
                0x0000000008001e6c                __libc_init_array
 *(.glue_7)
 .glue_7        0x0000000008001eb4        0x0 linker stubs
 *(.glue_7t)
 .glue_7t       0x0000000008001eb4        0x0 linker stubs
 *(.eh_frame)
 .eh_frame      0x0000000008001eb4        0x0 c:/st/stm32cubeide_1.9.0/stm32cubeide/plugins/com.st.stm32cube.ide.mcu.externaltools.gnu-tools-for-stm32.10.3-2021.10.win32_1.0.0.202111181127/tools/bin/../lib/gcc/arm-none-eabi/10.3.1/thumb/v7e-m+fp/hard/crtbegin.o
 *(.init)
 .init          0x0000000008001eb4        0x4 c:/st/stm32cubeide_1.9.0/stm32cubeide/plugins/com.st.stm32cube.ide.mcu.externaltools.gnu-tools-for-stm32.10.3-2021.10.win32_1.0.0.202111181127/tools/bin/../lib/gcc/arm-none-eabi/10.3.1/thumb/v7e-m+fp/hard/crti.o
                0x0000000008001eb4                _init
 .init          0x0000000008001eb8        0x8 c:/st/stm32cubeide_1.9.0/stm32cubeide/plugins/com.st.stm32cube.ide.mcu.externaltools.gnu-tools-for-stm32.10.3-2021.10.win32_1.0.0.202111181127/tools/bin/../lib/gcc/arm-none-eabi/10.3.1/thumb/v7e-m+fp/hard/crtn.o
 *(.fini)
 .fini          0x0000000008001ec0        0x4 c:/st/stm32cubeide_1.9.0/stm32cubeide/plugins/com.st.stm32cube.ide.mcu.externaltools.gnu-tools-for-stm32.10.3-2021.10.win32_1.0.0.202111181127/tools/bin/../lib/gcc/arm-none-eabi/10.3.1/thumb/v7e-m+fp/hard/crti.o
                0x0000000008001ec0                _fini
 .fini          0x0000000008001ec4        0x8 c:/st/stm32cubeide_1.9.0/stm32cubeide/plugins/com.st.stm32cube.ide.mcu.externaltools.gnu-tools-for-stm32.10.3-2021.10.win32_1.0.0.202111181127/tools/bin/../lib/gcc/arm-none-eabi/10.3.1/thumb/v7e-m+fp/hard/crtn.o
                0x0000000008001ecc                . = ALIGN (0x4)
                0x0000000008001ecc                _etext = .

.vfp11_veneer   0x0000000008001ecc        0x0
 .vfp11_veneer  0x0000000008001ecc        0x0 linker stubs

.v4_bx          0x0000000008001ecc        0x0
 .v4_bx         0x0000000008001ecc        0x0 linker stubs

.iplt           0x0000000008001ecc        0x0
 .iplt          0x0000000008001ecc        0x0 c:/st/stm32cubeide_1.9.0/stm32cubeide/plugins/com.st.stm32cube.ide.mcu.externaltools.gnu-tools-for-stm32.10.3-2021.10.win32_1.0.0.202111181127/tools/bin/../lib/gcc/arm-none-eabi/10.3.1/thumb/v7e-m+fp/hard/crtbegin.o

.rodata         0x0000000008001ecc    0x25c18
                0x0000000008001ecc                . = ALIGN (0x4)
 *(.rodata)
 .rodata        0x0000000008001ecc       0x10 ./Src/Src_HAL/Keypad/HAL_Keypad.o
 .rodata        0x0000000008001edc      0x188 ./Src/main.o
 *(.rodata*)
 .rodata.NTI_Logo
                0x0000000008002064    0x25a80 ./Src/main.o
                0x0000000008002064                NTI_Logo
                0x0000000008027ae4                . = ALIGN (0x4)

.rel.dyn        0x0000000008027ae4        0x0
 .rel.iplt      0x0000000008027ae4        0x0 c:/st/stm32cubeide_1.9.0/stm32cubeide/plugins/com.st.stm32cube.ide.mcu.externaltools.gnu-tools-for-stm32.10.3-2021.10.win32_1.0.0.202111181127/tools/bin/../lib/gcc/arm-none-eabi/10.3.1/thumb/v7e-m+fp/hard/crtbegin.o

.ARM.extab      0x0000000008027ae4        0x0
                0x0000000008027ae4                . = ALIGN (0x4)
 *(.ARM.extab* .gnu.linkonce.armextab.*)
                0x0000000008027ae4                . = ALIGN (0x4)

.ARM            0x0000000008027ae4        0x0
                0x0000000008027ae4                . = ALIGN (0x4)
                0x0000000008027ae4                __exidx_start = .
 *(.ARM.exidx*)
                0x0000000008027ae4                __exidx_end = .
                0x0000000008027ae4                . = ALIGN (0x4)

.preinit_array  0x0000000008027ae4        0x0
                0x0000000008027ae4                . = ALIGN (0x4)
                0x0000000008027ae4                PROVIDE (__preinit_array_start = .)
 *(.preinit_array*)
                0x0000000008027ae4                PROVIDE (__preinit_array_end = .)
                0x0000000008027ae4                . = ALIGN (0x4)

.init_array     0x0000000008027ae4        0x4
                0x0000000008027ae4                . = ALIGN (0x4)
                0x0000000008027ae4                PROVIDE (__init_array_start = .)
 *(SORT_BY_NAME(.init_array.*))
 *(.init_array*)
 .init_array    0x0000000008027ae4        0x4 c:/st/stm32cubeide_1.9.0/stm32cubeide/plugins/com.st.stm32cube.ide.mcu.externaltools.gnu-tools-for-stm32.10.3-2021.10.win32_1.0.0.202111181127/tools/bin/../lib/gcc/arm-none-eabi/10.3.1/thumb/v7e-m+fp/hard/crtbegin.o
                0x0000000008027ae8                PROVIDE (__init_array_end = .)
                0x0000000008027ae8                . = ALIGN (0x4)

.fini_array     0x0000000008027ae8        0x4
                0x0000000008027ae8                . = ALIGN (0x4)
                [!provide]                        PROVIDE (__fini_array_start = .)
 *(SORT_BY_NAME(.fini_array.*))
 *(.fini_array*)
 .fini_array    0x0000000008027ae8        0x4 c:/st/stm32cubeide_1.9.0/stm32cubeide/plugins/com.st.stm32cube.ide.mcu.externaltools.gnu-tools-for-stm32.10.3-2021.10.win32_1.0.0.202111181127/tools/bin/../lib/gcc/arm-none-eabi/10.3.1/thumb/v7e-m+fp/hard/crtbegin.o
                [!provide]                        PROVIDE (__fini_array_end = .)
                0x0000000008027aec                . = ALIGN (0x4)
                0x0000000008027aec                _sidata = LOADADDR (.data)

.data           0x0000000020000000        0x8 load address 0x0000000008027aec
                0x0000000020000000                . = ALIGN (0x4)
                0x0000000020000000                _sdata = .
 *(.data)
 *(.data*)
 .data.Default_Password.4
                0x0000000020000000        0x5 ./Src/main.o
 *(.RamFunc)
 *(.RamFunc*)
                0x0000000020000008                . = ALIGN (0x4)
 *fill*         0x0000000020000005        0x3 
                0x0000000020000008                _edata = .

.igot.plt       0x0000000020000008        0x0 load address 0x0000000008027af4
 .igot.plt      0x0000000020000008        0x0 c:/st/stm32cubeide_1.9.0/stm32cubeide/plugins/com.st.stm32cube.ide.mcu.externaltools.gnu-tools-for-stm32.10.3-2021.10.win32_1.0.0.202111181127/tools/bin/../lib/gcc/arm-none-eabi/10.3.1/thumb/v7e-m+fp/hard/crtbegin.o
                0x0000000020000008                . = ALIGN (0x4)

.bss            0x0000000020000008       0x4c load address 0x0000000008027af4
                0x0000000020000008                _sbss = .
                0x0000000020000008                __bss_start__ = _sbss
 *(.bss)
 .bss           0x0000000020000008       0x1c c:/st/stm32cubeide_1.9.0/stm32cubeide/plugins/com.st.stm32cube.ide.mcu.externaltools.gnu-tools-for-stm32.10.3-2021.10.win32_1.0.0.202111181127/tools/bin/../lib/gcc/arm-none-eabi/10.3.1/thumb/v7e-m+fp/hard/crtbegin.o
 *(.bss*)
 .bss.EXTI0_CallBack
                0x0000000020000024        0x4 ./Src/Src_MCAL/EXTI_AM/EXTI_prog.o
                0x0000000020000024                EXTI0_CallBack
 .bss.EXTI1_CallBack
                0x0000000020000028        0x4 ./Src/Src_MCAL/EXTI_AM/EXTI_prog.o
                0x0000000020000028                EXTI1_CallBack
 .bss.MSPI1_CallBack
                0x000000002000002c        0x4 ./Src/Src_MCAL/SPI/MCAL_SPI.o
                0x000000002000002c                MSPI1_CallBack
 .bss.STK_CLK_Ms_Ticks
                0x0000000020000030        0x4 ./Src/Src_MCAL/SYSTIK/MCAL_SYSTIK.o
 .bss.STK_RequiredOnTime
                0x0000000020000034        0x4 ./Src/Src_MCAL/SYSTIK/MCAL_SYSTIK.o
 .bss.STK_RequiredOffTime
                0x0000000020000038        0x4 ./Src/Src_MCAL/SYSTIK/MCAL_SYSTIK.o
 .bss.STK_pAppFun
                0x000000002000003c        0x4 ./Src/Src_MCAL/SYSTIK/MCAL_SYSTIK.o
 .bss.STK_CallBackMode
                0x0000000020000040        0x1 ./Src/Src_MCAL/SYSTIK/MCAL_SYSTIK.o
 .bss.G_u8ReadFlag
                0x0000000020000041        0x1 ./Src/Src_MCAL/SYSTIK/MCAL_SYSTIK.o
 *fill*         0x0000000020000042        0x2 
 .bss.counter   0x0000000020000044        0x4 ./Src/Src_MCAL/SYSTIK/MCAL_SYSTIK.o
 .bss.G_key     0x0000000020000048        0x1 ./Src/main.o
                0x0000000020000048                G_key
 .bss.Input_Incrementer.6
                0x0000000020000049        0x1 ./Src/main.o
 *fill*         0x000000002000004a        0x2 
 .bss.EnteredPassword.5
                0x000000002000004c        0x5 ./Src/main.o
 .bss.EXE_LED_0_ON_OFF.3
                0x0000000020000051        0x1 ./Src/main.o
 .bss.EXE_LED_1_ON_OFF.2
                0x0000000020000052        0x1 ./Src/main.o
 .bss.EXE_AC_ON_OFF.1
                0x0000000020000053        0x1 ./Src/main.o
 *(COMMON)
                0x0000000020000054                . = ALIGN (0x4)
                0x0000000020000054                _ebss = .
                0x0000000020000054                __bss_end__ = _ebss

._user_heap_stack
                0x0000000020000054      0x604 load address 0x0000000008027af4
                0x0000000020000058                . = ALIGN (0x8)
 *fill*         0x0000000020000054        0x4 
                [!provide]                        PROVIDE (end = .)
                0x0000000020000058                PROVIDE (_end = .)
                0x0000000020000258                . = (. + _Min_Heap_Size)
 *fill*         0x0000000020000058      0x200 
                0x0000000020000658                . = (. + _Min_Stack_Size)
 *fill*         0x0000000020000258      0x400 
                0x0000000020000658                . = ALIGN (0x8)

/DISCARD/
 libc.a(*)
 libm.a(*)
 libgcc.a(*)

.ARM.attributes
                0x0000000000000000       0x30
 *(.ARM.attributes)
 .ARM.attributes
                0x0000000000000000       0x1e c:/st/stm32cubeide_1.9.0/stm32cubeide/plugins/com.st.stm32cube.ide.mcu.externaltools.gnu-tools-for-stm32.10.3-2021.10.win32_1.0.0.202111181127/tools/bin/../lib/gcc/arm-none-eabi/10.3.1/thumb/v7e-m+fp/hard/crti.o
 .ARM.attributes
                0x000000000000001e       0x34 c:/st/stm32cubeide_1.9.0/stm32cubeide/plugins/com.st.stm32cube.ide.mcu.externaltools.gnu-tools-for-stm32.10.3-2021.10.win32_1.0.0.202111181127/tools/bin/../lib/gcc/arm-none-eabi/10.3.1/thumb/v7e-m+fp/hard/crtbegin.o
 .ARM.attributes
                0x0000000000000052       0x34 ./Src/Src_APP/Utility/Utility_Delay/DELAY_UNIT.o
 .ARM.attributes
                0x0000000000000086       0x34 ./Src/Src_HAL/Keypad/HAL_Keypad.o
 .ARM.attributes
                0x00000000000000ba       0x34 ./Src/Src_HAL/LCD/HAL_LCD.o
 .ARM.attributes
                0x00000000000000ee       0x34 ./Src/Src_HAL/TFT/HAL_TFT.o
 .ARM.attributes
                0x0000000000000122       0x34 ./Src/Src_MCAL/EXTI_AM/EXTI_prog.o
 .ARM.attributes
                0x0000000000000156       0x34 ./Src/Src_MCAL/GPIO/MCAL_GPIO.o
 .ARM.attributes
                0x000000000000018a       0x34 ./Src/Src_MCAL/RCC/MCAL_RCC.o
 .ARM.attributes
                0x00000000000001be       0x34 ./Src/Src_MCAL/SPI/MCAL_SPI.o
 .ARM.attributes
                0x00000000000001f2       0x34 ./Src/Src_MCAL/SYSTIK/MCAL_SYSTIK.o
 .ARM.attributes
                0x0000000000000226       0x34 ./Src/main.o
 .ARM.attributes
                0x000000000000025a       0x21 ./Startup/startup_stm32f401vetx.o
 .ARM.attributes
                0x000000000000027b       0x34 c:/st/stm32cubeide_1.9.0/stm32cubeide/plugins/com.st.stm32cube.ide.mcu.externaltools.gnu-tools-for-stm32.10.3-2021.10.win32_1.0.0.202111181127/tools/bin/../lib/gcc/arm-none-eabi/10.3.1/../../../../arm-none-eabi/lib/thumb/v7e-m+fp/hard\libc_nano.a(lib_a-init.o)
 .ARM.attributes
                0x00000000000002af       0x1e c:/st/stm32cubeide_1.9.0/stm32cubeide/plugins/com.st.stm32cube.ide.mcu.externaltools.gnu-tools-for-stm32.10.3-2021.10.win32_1.0.0.202111181127/tools/bin/../lib/gcc/arm-none-eabi/10.3.1/thumb/v7e-m+fp/hard/crtn.o
OUTPUT(STM32F401VET6.elf elf32-littlearm)
LOAD linker stubs
LOAD c:/st/stm32cubeide_1.9.0/stm32cubeide/plugins/com.st.stm32cube.ide.mcu.externaltools.gnu-tools-for-stm32.10.3-2021.10.win32_1.0.0.202111181127/tools/bin/../lib/gcc/arm-none-eabi/10.3.1/../../../../arm-none-eabi/lib/thumb/v7e-m+fp/hard\libc.a
LOAD c:/st/stm32cubeide_1.9.0/stm32cubeide/plugins/com.st.stm32cube.ide.mcu.externaltools.gnu-tools-for-stm32.10.3-2021.10.win32_1.0.0.202111181127/tools/bin/../lib/gcc/arm-none-eabi/10.3.1/../../../../arm-none-eabi/lib/thumb/v7e-m+fp/hard\libm.a
LOAD c:/st/stm32cubeide_1.9.0/stm32cubeide/plugins/com.st.stm32cube.ide.mcu.externaltools.gnu-tools-for-stm32.10.3-2021.10.win32_1.0.0.202111181127/tools/bin/../lib/gcc/arm-none-eabi/10.3.1/thumb/v7e-m+fp/hard\libgcc.a

.debug_info     0x0000000000000000     0x2d37
 .debug_info    0x0000000000000000      0x10c ./Src/Src_APP/Utility/Utility_Delay/DELAY_UNIT.o
 .debug_info    0x000000000000010c      0x1f3 ./Src/Src_HAL/Keypad/HAL_Keypad.o
 .debug_info    0x00000000000002ff      0x43e ./Src/Src_HAL/LCD/HAL_LCD.o
 .debug_info    0x000000000000073d      0x4ec ./Src/Src_HAL/TFT/HAL_TFT.o
 .debug_info    0x0000000000000c29      0x3f7 ./Src/Src_MCAL/EXTI_AM/EXTI_prog.o
 .debug_info    0x0000000000001020      0x73a ./Src/Src_MCAL/GPIO/MCAL_GPIO.o
 .debug_info    0x000000000000175a      0x5d2 ./Src/Src_MCAL/RCC/MCAL_RCC.o
 .debug_info    0x0000000000001d2c      0x5bb ./Src/Src_MCAL/SPI/MCAL_SPI.o
 .debug_info    0x00000000000022e7      0x5cb ./Src/Src_MCAL/SYSTIK/MCAL_SYSTIK.o
 .debug_info    0x00000000000028b2      0x463 ./Src/main.o
 .debug_info    0x0000000000002d15       0x22 ./Startup/startup_stm32f401vetx.o

.debug_abbrev   0x0000000000000000      0xc4e
 .debug_abbrev  0x0000000000000000       0x90 ./Src/Src_APP/Utility/Utility_Delay/DELAY_UNIT.o
 .debug_abbrev  0x0000000000000090       0xbf ./Src/Src_HAL/Keypad/HAL_Keypad.o
 .debug_abbrev  0x000000000000014f      0x16b ./Src/Src_HAL/LCD/HAL_LCD.o
 .debug_abbrev  0x00000000000002ba      0x120 ./Src/Src_HAL/TFT/HAL_TFT.o
 .debug_abbrev  0x00000000000003da      0x159 ./Src/Src_MCAL/EXTI_AM/EXTI_prog.o
 .debug_abbrev  0x0000000000000533      0x13f ./Src/Src_MCAL/GPIO/MCAL_GPIO.o
 .debug_abbrev  0x0000000000000672       0xf5 ./Src/Src_MCAL/RCC/MCAL_RCC.o
 .debug_abbrev  0x0000000000000767      0x185 ./Src/Src_MCAL/SPI/MCAL_SPI.o
 .debug_abbrev  0x00000000000008ec      0x18e ./Src/Src_MCAL/SYSTIK/MCAL_SYSTIK.o
 .debug_abbrev  0x0000000000000a7a      0x1c2 ./Src/main.o
 .debug_abbrev  0x0000000000000c3c       0x12 ./Startup/startup_stm32f401vetx.o

.debug_aranges  0x0000000000000000      0x388
 .debug_aranges
                0x0000000000000000       0x28 ./Src/Src_APP/Utility/Utility_Delay/DELAY_UNIT.o
 .debug_aranges
                0x0000000000000028       0x28 ./Src/Src_HAL/Keypad/HAL_Keypad.o
 .debug_aranges
                0x0000000000000050       0x68 ./Src/Src_HAL/LCD/HAL_LCD.o
 .debug_aranges
                0x00000000000000b8       0x78 ./Src/Src_HAL/TFT/HAL_TFT.o
 .debug_aranges
                0x0000000000000130       0x68 ./Src/Src_MCAL/EXTI_AM/EXTI_prog.o
 .debug_aranges
                0x0000000000000198       0x88 ./Src/Src_MCAL/GPIO/MCAL_GPIO.o
 .debug_aranges
                0x0000000000000220       0x50 ./Src/Src_MCAL/RCC/MCAL_RCC.o
 .debug_aranges
                0x0000000000000270       0x48 ./Src/Src_MCAL/SPI/MCAL_SPI.o
 .debug_aranges
                0x00000000000002b8       0x68 ./Src/Src_MCAL/SYSTIK/MCAL_SYSTIK.o
 .debug_aranges
                0x0000000000000320       0x40 ./Src/main.o
 .debug_aranges
                0x0000000000000360       0x28 ./Startup/startup_stm32f401vetx.o

.debug_ranges   0x0000000000000000      0x2e0
 .debug_ranges  0x0000000000000000       0x18 ./Src/Src_APP/Utility/Utility_Delay/DELAY_UNIT.o
 .debug_ranges  0x0000000000000018       0x18 ./Src/Src_HAL/Keypad/HAL_Keypad.o
 .debug_ranges  0x0000000000000030       0x58 ./Src/Src_HAL/LCD/HAL_LCD.o
 .debug_ranges  0x0000000000000088       0x68 ./Src/Src_HAL/TFT/HAL_TFT.o
 .debug_ranges  0x00000000000000f0       0x58 ./Src/Src_MCAL/EXTI_AM/EXTI_prog.o
 .debug_ranges  0x0000000000000148       0x78 ./Src/Src_MCAL/GPIO/MCAL_GPIO.o
 .debug_ranges  0x00000000000001c0       0x40 ./Src/Src_MCAL/RCC/MCAL_RCC.o
 .debug_ranges  0x0000000000000200       0x38 ./Src/Src_MCAL/SPI/MCAL_SPI.o
 .debug_ranges  0x0000000000000238       0x58 ./Src/Src_MCAL/SYSTIK/MCAL_SYSTIK.o
 .debug_ranges  0x0000000000000290       0x30 ./Src/main.o
 .debug_ranges  0x00000000000002c0       0x20 ./Startup/startup_stm32f401vetx.o

.debug_macro    0x0000000000000000      0xaeb
 .debug_macro   0x0000000000000000       0x45 ./Src/Src_APP/Utility/Utility_Delay/DELAY_UNIT.o
 .debug_macro   0x0000000000000045       0xbf ./Src/Src_HAL/Keypad/HAL_Keypad.o
 .debug_macro   0x0000000000000104       0x16 ./Src/Src_HAL/Keypad/HAL_Keypad.o
 .debug_macro   0x000000000000011a       0x58 ./Src/Src_HAL/Keypad/HAL_Keypad.o
 .debug_macro   0x0000000000000172       0xcd ./Src/Src_HAL/LCD/HAL_LCD.o
 .debug_macro   0x000000000000023f       0x28 ./Src/Src_HAL/LCD/HAL_LCD.o
 .debug_macro   0x0000000000000267       0x64 ./Src/Src_HAL/LCD/HAL_LCD.o
 .debug_macro   0x00000000000002cb       0x52 ./Src/Src_HAL/LCD/HAL_LCD.o
 .debug_macro   0x000000000000031d       0x34 ./Src/Src_HAL/LCD/HAL_LCD.o
 .debug_macro   0x0000000000000351      0x121 ./Src/Src_HAL/TFT/HAL_TFT.o
 .debug_macro   0x0000000000000472       0x34 ./Src/Src_HAL/TFT/HAL_TFT.o
 .debug_macro   0x00000000000004a6       0x3a ./Src/Src_HAL/TFT/HAL_TFT.o
 .debug_macro   0x00000000000004e0       0x40 ./Src/Src_HAL/TFT/HAL_TFT.o
 .debug_macro   0x0000000000000520       0x34 ./Src/Src_HAL/TFT/HAL_TFT.o
 .debug_macro   0x0000000000000554       0x16 ./Src/Src_HAL/TFT/HAL_TFT.o
 .debug_macro   0x000000000000056a       0x3a ./Src/Src_HAL/TFT/HAL_TFT.o
 .debug_macro   0x00000000000005a4       0x3a ./Src/Src_HAL/TFT/HAL_TFT.o
 .debug_macro   0x00000000000005de       0x1c ./Src/Src_HAL/TFT/HAL_TFT.o
 .debug_macro   0x00000000000005fa       0x4f ./Src/Src_MCAL/EXTI_AM/EXTI_prog.o
 .debug_macro   0x0000000000000649       0x22 ./Src/Src_MCAL/EXTI_AM/EXTI_prog.o
 .debug_macro   0x000000000000066b       0x22 ./Src/Src_MCAL/EXTI_AM/EXTI_prog.o
 .debug_macro   0x000000000000068d       0x10 ./Src/Src_MCAL/EXTI_AM/EXTI_prog.o
 .debug_macro   0x000000000000069d       0x10 ./Src/Src_MCAL/EXTI_AM/EXTI_prog.o
 .debug_macro   0x00000000000006ad       0x71 ./Src/Src_MCAL/GPIO/MCAL_GPIO.o
 .debug_macro   0x000000000000071e       0x6f ./Src/Src_MCAL/RCC/MCAL_RCC.o
 .debug_macro   0x000000000000078d       0x70 ./Src/Src_MCAL/SPI/MCAL_SPI.o
 .debug_macro   0x00000000000007fd       0x6b ./Src/Src_MCAL/SYSTIK/MCAL_SYSTIK.o
 .debug_macro   0x0000000000000868      0x283 ./Src/main.o

.debug_line     0x0000000000000000     0x39ae
 .debug_line    0x0000000000000000      0x1cb ./Src/Src_APP/Utility/Utility_Delay/DELAY_UNIT.o
 .debug_line    0x00000000000001cb      0x420 ./Src/Src_HAL/Keypad/HAL_Keypad.o
 .debug_line    0x00000000000005eb      0x5cf ./Src/Src_HAL/LCD/HAL_LCD.o
 .debug_line    0x0000000000000bba      0x7b6 ./Src/Src_HAL/TFT/HAL_TFT.o
 .debug_line    0x0000000000001370      0x229 ./Src/Src_MCAL/EXTI_AM/EXTI_prog.o
 .debug_line    0x0000000000001599      0x8fb ./Src/Src_MCAL/GPIO/MCAL_GPIO.o
 .debug_line    0x0000000000001e94      0x2d4 ./Src/Src_MCAL/RCC/MCAL_RCC.o
 .debug_line    0x0000000000002168      0x30b ./Src/Src_MCAL/SPI/MCAL_SPI.o
 .debug_line    0x0000000000002473      0x432 ./Src/Src_MCAL/SYSTIK/MCAL_SYSTIK.o
 .debug_line    0x00000000000028a5     0x1085 ./Src/main.o
 .debug_line    0x000000000000392a       0x84 ./Startup/startup_stm32f401vetx.o

.debug_str      0x0000000000000000     0x6a32
 .debug_str     0x0000000000000000     0x30e5 ./Src/Src_APP/Utility/Utility_Delay/DELAY_UNIT.o
                                       0x3163 (size before relaxing)
 .debug_str     0x00000000000030e5     0x135e ./Src/Src_HAL/Keypad/HAL_Keypad.o
                                       0x443c (size before relaxing)
 .debug_str     0x0000000000004443      0x6e2 ./Src/Src_HAL/LCD/HAL_LCD.o
                                       0x4857 (size before relaxing)
 .debug_str     0x0000000000004b25      0x8c6 ./Src/Src_HAL/TFT/HAL_TFT.o
                                       0x49f6 (size before relaxing)
 .debug_str     0x00000000000053eb      0x46e ./Src/Src_MCAL/EXTI_AM/EXTI_prog.o
                                       0x31a5 (size before relaxing)
 .debug_str     0x0000000000005859      0x295 ./Src/Src_MCAL/GPIO/MCAL_GPIO.o
                                       0x3c28 (size before relaxing)
 .debug_str     0x0000000000005aee      0x2d5 ./Src/Src_MCAL/RCC/MCAL_RCC.o
                                       0x3ca5 (size before relaxing)
 .debug_str     0x0000000000005dc3      0x19b ./Src/Src_MCAL/SPI/MCAL_SPI.o
                                       0x36ad (size before relaxing)
 .debug_str     0x0000000000005f5e      0x21c ./Src/Src_MCAL/SYSTIK/MCAL_SYSTIK.o
                                       0x3575 (size before relaxing)
 .debug_str     0x000000000000617a      0x887 ./Src/main.o
                                       0x5a8d (size before relaxing)
 .debug_str     0x0000000000006a01       0x31 ./Startup/startup_stm32f401vetx.o
                                         0x78 (size before relaxing)

.comment        0x0000000000000000       0x50
 .comment       0x0000000000000000       0x50 ./Src/Src_APP/Utility/Utility_Delay/DELAY_UNIT.o
                                         0x51 (size before relaxing)
 .comment       0x0000000000000050       0x51 ./Src/Src_HAL/Keypad/HAL_Keypad.o
 .comment       0x0000000000000050       0x51 ./Src/Src_HAL/LCD/HAL_LCD.o
 .comment       0x0000000000000050       0x51 ./Src/Src_HAL/TFT/HAL_TFT.o
 .comment       0x0000000000000050       0x51 ./Src/Src_MCAL/EXTI_AM/EXTI_prog.o
 .comment       0x0000000000000050       0x51 ./Src/Src_MCAL/GPIO/MCAL_GPIO.o
 .comment       0x0000000000000050       0x51 ./Src/Src_MCAL/RCC/MCAL_RCC.o
 .comment       0x0000000000000050       0x51 ./Src/Src_MCAL/SPI/MCAL_SPI.o
 .comment       0x0000000000000050       0x51 ./Src/Src_MCAL/SYSTIK/MCAL_SYSTIK.o
 .comment       0x0000000000000050       0x51 ./Src/main.o

.debug_frame    0x0000000000000000      0xc10
 .debug_frame   0x0000000000000000       0x60 ./Src/Src_APP/Utility/Utility_Delay/DELAY_UNIT.o
 .debug_frame   0x0000000000000060       0x54 ./Src/Src_HAL/Keypad/HAL_Keypad.o
 .debug_frame   0x00000000000000b4      0x168 ./Src/Src_HAL/LCD/HAL_LCD.o
 .debug_frame   0x000000000000021c      0x1cc ./Src/Src_HAL/TFT/HAL_TFT.o
 .debug_frame   0x00000000000003e8      0x188 ./Src/Src_MCAL/EXTI_AM/EXTI_prog.o
 .debug_frame   0x0000000000000570      0x240 ./Src/Src_MCAL/GPIO/MCAL_GPIO.o
 .debug_frame   0x00000000000007b0      0x110 ./Src/Src_MCAL/RCC/MCAL_RCC.o
 .debug_frame   0x00000000000008c0       0xf4 ./Src/Src_MCAL/SPI/MCAL_SPI.o
 .debug_frame   0x00000000000009b4      0x188 ./Src/Src_MCAL/SYSTIK/MCAL_SYSTIK.o
 .debug_frame   0x0000000000000b3c       0xa8 ./Src/main.o
 .debug_frame   0x0000000000000be4       0x2c c:/st/stm32cubeide_1.9.0/stm32cubeide/plugins/com.st.stm32cube.ide.mcu.externaltools.gnu-tools-for-stm32.10.3-2021.10.win32_1.0.0.202111181127/tools/bin/../lib/gcc/arm-none-eabi/10.3.1/../../../../arm-none-eabi/lib/thumb/v7e-m+fp/hard\libc_nano.a(lib_a-init.o)
