../Src/EXTI_program.c:22:6:MEXTI_vEnableLine	16	static
../Src/EXTI_program.c:28:6:MEXTI_vDisableLine	16	static
../Src/EXTI_program.c:34:6:MEXTI_vEventTriggerType	16	static
../Src/EXTI_program.c:56:6:MEXTI_vTrigSW	16	static
../Src/EXTI_program.c:61:4:MEXTI_vGetPendingStatus	16	static
../Src/EXTI_program.c:66:6:MEXTI_vSelectPort	16	static
../Src/EXTI_program.c:98:6:MEXTI_vSetCallBack	16	static
../Src/EXTI_program.c:106:6:EXTI0_IRQHandler	8	static
../Src/EXTI_program.c:112:6:EXTI1_IRQHandler	8	static
../Src/EXTI_program.c:118:6:EXTI2_IRQHandler	8	static
../Src/EXTI_program.c:125:6:EXTI3_IRQHandler	8	static
../Src/EXTI_program.c:131:6:EXTI4_IRQHandler	8	static
../Src/EXTI_program.c:137:6:EXTI5_IRQHandler	8	static
../Src/EXTI_program.c:143:6:EXTI6_IRQHandler	8	static
../Src/EXTI_program.c:149:6:EXTI7_IRQHandler	8	static
../Src/EXTI_program.c:154:6:EXTI8_IRQHandler	8	static
../Src/EXTI_program.c:159:6:EXTI9_IRQHandler	8	static
../Src/EXTI_program.c:164:6:EXTI10_IRQHandler	8	static
../Src/EXTI_program.c:169:6:EXTI11_IRQHandler	8	static
../Src/EXTI_program.c:174:6:EXTI12_IRQHandler	8	static
../Src/EXTI_program.c:180:6:EXTI13_IRQHandler	8	static
../Src/EXTI_program.c:185:6:EXTI14_IRQHandler	8	static
../Src/EXTI_program.c:190:6:EXTI15_IRQHandler	8	static
