../Src/MSTK_Program.c:67:6:MSTK_voidInit	4	static
../Src/MSTK_Program.c:83:6:MSTK_voidStart	16	static
../Src/MSTK_Program.c:107:6:MSTK_voidDelayMs	16	static
../Src/MSTK_Program.c:126:6:MSTK_voidDelayUs	16	static
../Src/MSTK_Program.c:146:4:MSTK_u8ReadFlag	4	static
../Src/MSTK_Program.c:158:6:MSTK_voidCtrlIntState	16	static
../Src/MSTK_Program.c:175:6:MSTK_voidCallBack	16	static
../Src/MSTK_Program.c:183:6:SysTick_Handler	8	static
../Src/MSTK_Program.c:196:6:MSTK_voidSetIntervalSingle	16	static
../Src/MSTK_Program.c:218:5:MSTK_u32GetTime	16	static
