../Src/Src_MCAL/GPIO/MCAL_GPIO.c:10:6:MGPIO_vSetPinMode	8	static
../Src/Src_MCAL/GPIO/MCAL_GPIO.c:26:6:MGPIO_vFastPortConfigMode	0	static
../Src/Src_MCAL/GPIO/MCAL_GPIO.c:41:6:MGPIO_vSetPinOutputType	0	static
../Src/Src_MCAL/GPIO/MCAL_GPIO.c:56:6:MGPIO_vSetPinOutputSpeed	8	static
../Src/Src_MCAL/GPIO/MCAL_GPIO.c:71:6:MGPIO_vSetPinPullType	8	static
../Src/Src_MCAL/GPIO/MCAL_GPIO.c:86:4:MGPIO_U8ReadPinData	0	static
../Src/Src_MCAL/GPIO/MCAL_GPIO.c:102:5:MGPIO_U16ReadPortData	0	static
../Src/Src_MCAL/GPIO/MCAL_GPIO.c:118:6:MGPIO_vWritePinData	0	static
../Src/Src_MCAL/GPIO/MCAL_GPIO.c:151:6:MGPIO_vWritePortData	0	static
../Src/Src_MCAL/GPIO/MCAL_GPIO.c:166:6:MGPIO_vWritePortByteData	0	static
../Src/Src_MCAL/GPIO/MCAL_GPIO.c:204:6:MGPIO_vWritePortNibbleData	8	static
../Src/Src_MCAL/GPIO/MCAL_GPIO.c:226:6:MGPIO_vToggle_Pin	0	static
../Src/Src_MCAL/GPIO/MCAL_GPIO.c:242:6:MGPIO_vPinLock	0	static
../Src/Src_MCAL/GPIO/MCAL_GPIO.c:280:6:MGPIO_vSetPinAltFun	8	static
