../Src/Src_MCAL/SYSTIK/MCAL_SYSTIK.c:22:6:MSTK_Init	0	static
../Src/Src_MCAL/SYSTIK/MCAL_SYSTIK.c:41:6:MSTK_Stop	0	static
../Src/Src_MCAL/SYSTIK/MCAL_SYSTIK.c:49:6:MSTK_DelayMs	0	static
../Src/Src_MCAL/SYSTIK/MCAL_SYSTIK.c:59:6:MSTK_DelayUs	0	static
../Src/Src_MCAL/SYSTIK/MCAL_SYSTIK.c:69:6:MSTK_PeriodicCallBackMs	0	static
../Src/Src_MCAL/SYSTIK/MCAL_SYSTIK.c:82:6:MSTK_SingleCallBackMs	0	static
../Src/Src_MCAL/SYSTIK/MCAL_SYSTIK.c:95:5:MSTK_GetRemainingTime	0	static
../Src/Src_MCAL/SYSTIK/MCAL_SYSTIK.c:102:5:MSTK_GetElapsedTime	0	static
../Src/Src_MCAL/SYSTIK/MCAL_SYSTIK.c:109:6:MSTK_PWM	16	static
../Src/Src_MCAL/SYSTIK/MCAL_SYSTIK.c:122:6:SysTick_Handler	8	static
